Archive member included to satisfy reference by file (symbol)

/Users/frank/Library/Rowley Associates Limited/CrossWorks for ARM/v4/packages/libraries/libctl/lib/libctl_v4t_a_le_eabi.a(ctl_unity.o)
                              lpc2378app ARM Flash Debug/main_ctl.o (ctl_task_init)
/Users/frank/Library/Rowley Associates Limited/CrossWorks for ARM/v4/packages/libraries/libctl/lib/libctl_v4t_a_le_eabi.a(ctl_arm.o)
                              /Users/frank/Library/Rowley Associates Limited/CrossWorks for ARM/v4/packages/libraries/libctl/lib/libctl_v4t_a_le_eabi.a(ctl_unity.o) (ctl_private_init_registers)
/Users/frank/Library/Rowley Associates Limited/CrossWorks for ARM/v4/packages/libraries/libctl/lib/libctl_v4t_a_le_eabi.a(ctl_arm_int.o)
                              lpc2378app ARM Flash Debug/HardwareSerial.o (ctl_global_interrupts_set)
/Users/frank/Library/Rowley Associates Limited/CrossWorks for ARM/v4/packages/lib/liblpc2000_v4t_a_le_eabi.a(liblpc2000_lpc23xx_get_cclk.o)
                              lpc2378app ARM Flash Debug/LPC230x.o (liblpc2000_lpc23xx_get_cclk)
/Applications/CrossWorks for ARM 4.5/lib/libm_v4t_a_le_eabi.a(libm_asm.o)
                              lpc2378app ARM Flash Debug/Stream.o (__aeabi_i2f)
/Applications/CrossWorks for ARM 4.5/lib/libc_v4t_a_le_eabi.a(libc_asm.o)
                              lpc2378app ARM Flash Debug/Print.o (__aeabi_uidivmod)
/Applications/CrossWorks for ARM 4.5/lib/libc_v4t_a_le_eabi.a(libc2.o)
                              lpc2378app ARM Flash Debug/main_ctl.o (__aeabi_atexit)
/Applications/CrossWorks for ARM 4.5/lib/libc_v4t_a_le_eabi.a(libc2_asm.o)
                              lpc2378app ARM Flash Debug/HardwareSerial.o (memcpy)
/Applications/CrossWorks for ARM 4.5/lib/libm_v4t_a_le_eabi.a(libm2.o)
                              /Applications/CrossWorks for ARM 4.5/lib/libvfprintf_v4t_a_le_eabi.o (frexp)
/Applications/CrossWorks for ARM 4.5/lib/libm_v4t_a_le_eabi.a(libm2_asm.o)
                              /Applications/CrossWorks for ARM 4.5/lib/libm_v4t_a_le_eabi.a(libm2.o) (fabs)

Discarded input sections

 .text          0x0000000000000000        0x0 lpc2378app ARM Flash Debug/crt0.o
 .data          0x0000000000000000        0x0 lpc2378app ARM Flash Debug/crt0.o
 .bss           0x0000000000000000        0x0 lpc2378app ARM Flash Debug/crt0.o
 .stack         0x0000000000000000        0x0 lpc2378app ARM Flash Debug/crt0.o
 .stack_abt     0x0000000000000000        0x0 lpc2378app ARM Flash Debug/crt0.o
 .stack_irq     0x0000000000000000        0x0 lpc2378app ARM Flash Debug/crt0.o
 .stack_fiq     0x0000000000000000        0x0 lpc2378app ARM Flash Debug/crt0.o
 .stack_svc     0x0000000000000000        0x0 lpc2378app ARM Flash Debug/crt0.o
 .stack_und     0x0000000000000000        0x0 lpc2378app ARM Flash Debug/crt0.o
 .heap          0x0000000000000000        0x0 lpc2378app ARM Flash Debug/crt0.o
 .group         0x0000000000000000        0xc lpc2378app ARM Flash Debug/main_ctl.o
 .group         0x0000000000000000        0xc lpc2378app ARM Flash Debug/main_ctl.o
 .text          0x0000000000000000        0x0 lpc2378app ARM Flash Debug/main_ctl.o
 .data          0x0000000000000000        0x0 lpc2378app ARM Flash Debug/main_ctl.o
 .bss           0x0000000000000000        0x0 lpc2378app ARM Flash Debug/main_ctl.o
 .text._ZN6StringpLEc
                0x0000000000000000       0x38 lpc2378app ARM Flash Debug/main_ctl.o
 .bss.stringComplete
                0x0000000000000000        0x1 lpc2378app ARM Flash Debug/main_ctl.o
 .text._Z11serialEventv
                0x0000000000000000       0x84 lpc2378app ARM Flash Debug/main_ctl.o
 .text          0x0000000000000000        0x0 lpc2378app ARM Flash Debug/Arduino.o
 .data          0x0000000000000000        0x0 lpc2378app ARM Flash Debug/Arduino.o
 .bss           0x0000000000000000        0x0 lpc2378app ARM Flash Debug/Arduino.o
 .text.map      0x0000000000000000       0x68 lpc2378app ARM Flash Debug/Arduino.o
 .text          0x0000000000000000        0x0 lpc2378app ARM Flash Debug/HardwareSerial.o
 .data          0x0000000000000000        0x0 lpc2378app ARM Flash Debug/HardwareSerial.o
 .bss           0x0000000000000000        0x0 lpc2378app ARM Flash Debug/HardwareSerial.o
 .text._Z14serialEventRunv
                0x0000000000000000       0xec lpc2378app ARM Flash Debug/HardwareSerial.o
 .text._ZN14HardwareSerial3endEv
                0x0000000000000000       0x14 lpc2378app ARM Flash Debug/HardwareSerial.o
 .text._ZN14HardwareSerial10queue_uartEPhiPj
                0x0000000000000000       0xe8 lpc2378app ARM Flash Debug/HardwareSerial.o
 .text._ZN14HardwareSerial12dequeue_uartEPhil
                0x0000000000000000      0x390 lpc2378app ARM Flash Debug/HardwareSerial.o
 .text._ZN14HardwareSerial14tx_queue_countEv
                0x0000000000000000       0x48 lpc2378app ARM Flash Debug/HardwareSerial.o
 .text._ZN14HardwareSerial12uartReadCharEPh
[...]
Memory Configuration

Name             Origin             Length             Attributes
UNPLACED_SECTIONS 0x0000000100000000 0x0000000000000000 xw
AHB_Peripherals  0x00000000ffe00000 0x0000000000200000 xw
Battery_RAM      0x00000000e0084000 0x0000000000000800 xw
APB_Peripherals  0x00000000e0000000 0x0000000000200000 xw
BANK1            0x0000000081000000 0x0000000000010000 xw
BANK0            0x0000000080000000 0x0000000000010000 xw
USB_RAM          0x000000007fd00000 0x0000000000002000 xw
Ethernet_RAM     0x000000007fe00000 0x0000000000004000 xw
SRAM             0x0000000040000000 0x0000000000008000 xw
FLASH            0x0000000000020000 0x000000000005d000 xr
*default*        0x0000000000000000 0xffffffffffffffff

Linker script and memory map

                0x0000000000000000                __vfprintf = __vfprintf_float_long_long
                0x0000000000000000                __vfscanf = __vfscanf_float_long_long_cc
                0x00000000ffe00000                __AHB_Peripherals_segment_start__ = 0xffe00000
                0x0000000000000000                __AHB_Peripherals_segment_end__ = 0x0
                0x0000000000200000                __AHB_Peripherals_segment_size__ = 0x200000
                0x00000000e0084000                __Battery_RAM_segment_start__ = 0xe0084000
                0x00000000e0084800                __Battery_RAM_segment_end__ = 0xe0084800
                0x0000000000000800                __Battery_RAM_segment_size__ = 0x800
                0x00000000e0000000                __APB_Peripherals_segment_start__ = 0xe0000000
                0x00000000e0200000                __APB_Peripherals_segment_end__ = 0xe0200000
                0x0000000000200000                __APB_Peripherals_segment_size__ = 0x200000
                0x0000000081000000                __BANK1_segment_start__ = 0x81000000
                0x0000000081010000                __BANK1_segment_end__ = 0x81010000
                0x0000000000010000                __BANK1_segment_size__ = 0x10000
                0x0000000080000000                __BANK0_segment_start__ = 0x80000000
                0x0000000080010000                __BANK0_segment_end__ = 0x80010000
                0x0000000000010000                __BANK0_segment_size__ = 0x10000
                0x000000007fd00000                __USB_RAM_segment_start__ = 0x7fd00000
                0x000000007fd02000                __USB_RAM_segment_end__ = 0x7fd02000
                0x0000000000002000                __USB_RAM_segment_size__ = 0x2000
                0x000000007fe00000                __Ethernet_RAM_segment_start__ = 0x7fe00000
                0x000000007fe04000                __Ethernet_RAM_segment_end__ = 0x7fe04000
                0x0000000000004000                __Ethernet_RAM_segment_size__ = 0x4000
                0x0000000040000000                __SRAM_segment_start__ = 0x40000000
                0x0000000040008000                __SRAM_segment_end__ = 0x40008000
                0x0000000000008000                __SRAM_segment_size__ = 0x8000
                0x0000000000020000                __FLASH_segment_start__ = 0x20000
                0x000000000007d000                __FLASH_segment_end__ = 0x7d000
                0x000000000005d000                __FLASH_segment_size__ = 0x5d000
                0x0000000000000400                __HEAPSIZE__ = 0x400
                0x0000000000000000                __STACKSIZE_ABT__ = 0x0
                0x0000000000000100                __STACKSIZE_FIQ__ = 0x100
                0x0000000000000100                __STACKSIZE_IRQ__ = 0x100
                0x0000000000000000                __STACKSIZE_SVC__ = 0x0
                0x0000000000000000                __STACKSIZE_UND__ = 0x0
                0x0000000000000400                __STACKSIZE__ = 0x400
                0x0000000040000000                __vectors_ram_load_start__ = __SRAM_segment_start__

.vectors_ram    0x0000000040000000       0x3c
                0x0000000040000000                __vectors_ram_start__ = .
 *(.vectors_ram .vectors_ram.*)
                0x000000004000003c                . = MAX ((__vectors_ram_start__ + 0x3c), .)
 *fill*         0x0000000040000000       0x3c 
                0x000000004000003c                __vectors_ram_end__ = (__vectors_ram_start__ + SIZEOF (.vectors_ram))
                0x000000000000003c                __vectors_ram_size__ = SIZEOF (.vectors_ram)
                0x000000004000003c                __vectors_ram_load_end__ = __vectors_ram_end__
                0x0000000000000001                . = ASSERT (((__vectors_ram_start__ == __vectors_ram_end__) || ((__vectors_ram_end__ - __SRAM_segment_start__) <= __SRAM_segment_size__)), error: .vectors_ram is too large to fit in SRAM memory segment)
                0x0000000000020000                __vectors_load_start__ = __FLASH_segment_start__

.vectors        0x0000000000020000       0x3c
                0x0000000000020000                __vectors_start__ = .
 *(.vectors .vectors.*)
 .vectors       0x0000000000020000       0x3c lpc2378app ARM Flash Debug/Philips_LPC230X_Startup.o
                0x0000000000020000                _vectors
                0x000000000002003c                __vectors_end__ = (__vectors_start__ + SIZEOF (.vectors))
                0x000000000000003c                __vectors_size__ = SIZEOF (.vectors)
                0x000000000002003c                __vectors_load_end__ = __vectors_end__
                0x0000000000000001                . = ASSERT (((__vectors_start__ == __vectors_end__) || ((__vectors_end__ - __FLASH_segment_start__) <= __FLASH_segment_size__)), error: .vectors is too large to fit in FLASH memory segment)
                0x000000000002003c                __init_load_start__ = ALIGN (__vectors_end__, 0x4)

.init           0x000000000002003c      0x308
                0x000000000002003c                __init_start__ = .
 *(.init .init.*)
 *fill*         0x000000000002003c        0x4 
 .init          0x0000000000020040      0x1d4 lpc2378app ARM Flash Debug/crt0.o
                0x0000000000020040                __start
                0x0000000000020040                _start
 .init          0x0000000000020214      0x130 lpc2378app ARM Flash Debug/Philips_LPC230X_Startup.o
                0x0000000000020214                reset_handler
                0x0000000000020324                undef_handler
                0x0000000000020328                swi_handler
                0x000000000002032c                pabort_handler
                0x0000000000020330                dabort_handler
                0x0000000000020334                fiq_handler
                0x0000000000020344                __init_end__ = (__init_start__ + SIZEOF (.init))
                0x0000000000000308                __init_size__ = SIZEOF (.init)
                0x0000000000020344                __init_load_end__ = __init_end__
                0x0000000000000001                . = ASSERT (((__init_start__ == __init_end__) || ((__init_end__ - __FLASH_segment_start__) <= __FLASH_segment_size__)), error: .init is too large to fit in FLASH memory segment)
                0x0000000000020344                __init_rodata_load_start__ = ALIGN (__init_end__, 0x4)

.init_rodata    0x0000000000020344        0x0
                0x0000000000020344                __init_rodata_start__ = .
 *(.init_rodata .init_rodata.*)
                0x0000000000020344                __init_rodata_end__ = (__init_rodata_start__ + SIZEOF (.init_rodata))
                0x0000000000000000                __init_rodata_size__ = SIZEOF (.init_rodata)
                0x0000000000020344                __init_rodata_load_end__ = __init_rodata_end__
                0x0000000000000001                . = ASSERT (((__init_rodata_start__ == __init_rodata_end__) || ((__init_rodata_end__ - __FLASH_segment_start__) <= __FLASH_segment_size__)), error: .init_rodata is too large to fit in FLASH memory segment)
                0x0000000000020344                __text_load_start__ = ALIGN (__init_rodata_end__, 0x4)

.text           0x0000000000020344     0x445c
                0x0000000000020344                __text_start__ = .
 *(.text .text.* .glue_7t .glue_7 .gnu.linkonce.t.* .gcc_except_table .ARM.extab* .gnu.linkonce.armextab.*)
 .glue_7        0x0000000000020344        0x0 linker stubs
 .glue_7t       0x0000000000020344        0x0 linker stubs
 .text._ZN14HardwareSerial5beginEm
                0x0000000000020344       0x30 lpc2378app ARM Flash Debug/main_ctl.o
                0x0000000000020344                HardwareSerial::begin(unsigned long)
 .text._Z5task1Pv
                0x0000000000020374       0x18 lpc2378app ARM Flash Debug/main_ctl.o
                0x0000000000020374                task1(void*)
 .text._Z5task2Pv
                0x000000000002038c       0xd8 lpc2378app ARM Flash Debug/main_ctl.o
                0x000000000002038c                task2(void*)
 .text.main     0x0000000000020464       0xf4 lpc2378app ARM Flash Debug/main_ctl.o
                0x0000000000020464                main
 .text.ctl_handle_error
                0x0000000000020558       0x68 lpc2378app ARM Flash Debug/main_ctl.o
                0x0000000000020558                ctl_handle_error
 .text.__cxa_pure_virtual
                0x00000000000205c0        0x4 lpc2378app ARM Flash Debug/main_ctl.o
                0x00000000000205c0                __cxa_pure_virtual
 .text._Z41__static_initialization_and_destruction_0ii
                0x00000000000205c4       0x6c lpc2378app ARM Flash Debug/main_ctl.o
 .text._GLOBAL__sub_I_event_set_isr
                0x0000000000020630       0x1c lpc2378app ARM Flash Debug/main_ctl.o
 .text.getPeripheralClock
                0x000000000002064c       0x44 lpc2378app ARM Flash Debug/Arduino.o
                0x000000000002064c                getPeripheralClock
 .text._ZN14HardwareSerial5beginEmh
                0x0000000000020690      0x2b4 lpc2378app ARM Flash Debug/HardwareSerial.o
                0x0000000000020690                HardwareSerial::begin(unsigned long, unsigned char)
 .text._ZN14HardwareSerial5beginEmhjj
                0x0000000000020944       0x9c lpc2378app ARM Flash Debug/HardwareSerial.o
                0x0000000000020944                HardwareSerial::begin(unsigned long, unsigned char, unsigned int, unsigned int)
 .text._ZN14HardwareSerial9availableEv
                0x00000000000209e0       0x34 lpc2378app ARM Flash Debug/HardwareSerial.o
                0x00000000000209e0                HardwareSerial::available()
 .text._ZN14HardwareSerial4peekEv
                0x0000000000020a14       0x5c lpc2378app ARM Flash Debug/HardwareSerial.o
                0x0000000000020a14                HardwareSerial::peek()
 .text._ZN14HardwareSerial4readEv
                0x0000000000020a70       0x90 lpc2378app ARM Flash Debug/HardwareSerial.o
                0x0000000000020a70                HardwareSerial::read()
 .text._ZN14HardwareSerial17availableForWriteEv
                0x0000000000020b00       0x90 lpc2378app ARM Flash Debug/HardwareSerial.o
                0x0000000000020b00                HardwareSerial::availableForWrite()
 .text._ZN14HardwareSerial5flushEv
                0x0000000000020b90       0x8c lpc2378app ARM Flash Debug/HardwareSerial.o
                0x0000000000020b90                HardwareSerial::flush()
 .text._ZN14HardwareSerial5writeEh
                0x0000000000020c1c       0x48 lpc2378app ARM Flash Debug/HardwareSerial.o
                0x0000000000020c1c                HardwareSerial::write(unsigned char)
 .text._ZN14HardwareSerial11setBaudRateEm
                0x0000000000020c64      0x25c lpc2378app ARM Flash Debug/HardwareSerial.o
                0x0000000000020c64                HardwareSerial::setBaudRate(unsigned long)
 .text._ZN14HardwareSerial17queue_uart_nowaitEPhi
                0x0000000000020ec0      0x330 lpc2378app ARM Flash Debug/HardwareSerial.o
                0x0000000000020ec0                HardwareSerial::queue_uart_nowait(unsigned char*, int)
 .text._ZN5PrintC2Ev
                0x00000000000211f0       0x34 lpc2378app ARM Flash Debug/HardwareSerial0.o
                0x00000000000211f0                Print::Print()
                0x00000000000211f0                Print::Print()
 .text._ZN5Print17availableForWriteEv
                0x0000000000021224       0x18 lpc2378app ARM Flash Debug/HardwareSerial0.o
                0x0000000000021224                Print::availableForWrite()
 .text._ZN5Print5flushEv
                0x000000000002123c       0x14 lpc2378app ARM Flash Debug/HardwareSerial0.o
                0x000000000002123c                Print::flush()
 .text._ZN6StreamC2Ev
                0x0000000000021250       0x48 lpc2378app ARM Flash Debug/HardwareSerial0.o
                0x0000000000021250                Stream::Stream()
                0x0000000000021250                Stream::Stream()
 .text._ZN14HardwareSerialC2EPVhS1_PVmS3_S3_S1_S1_S1_S1_S1_S3_S3_S1_S1_S1_ihhPFvvEjjjjjj
                0x0000000000021298      0x18c lpc2378app ARM Flash Debug/HardwareSerial0.o
                0x0000000000021298                HardwareSerial::HardwareSerial(unsigned char volatile*, unsigned char volatile*, unsigned long volatile*, unsigned long volatile*, unsigned long volatile*, unsigned char volatile*, unsigned char volatile*, unsigned char volatile*, unsigned char volatile*, unsigned char volatile*, unsigned long volatile*, unsigned long volatile*, unsigned char volatile*, unsigned char volatile*, unsigned char volatile*, int, unsigned char, unsigned char, void (*)(), unsigned int, unsigned int, unsigned int, unsigned int, unsigned int, unsigned int)
                0x0000000000021298                HardwareSerial::HardwareSerial(unsigned char volatile*, unsigned char volatile*, unsigned long volatile*, unsigned long volatile*, unsigned long volatile*, unsigned char volatile*, unsigned char volatile*, unsigned char volatile*, unsigned char volatile*, unsigned char volatile*, unsigned long volatile*, unsigned long volatile*, unsigned char volatile*, unsigned char volatile*, unsigned char volatile*, int, unsigned char, unsigned char, void (*)(), unsigned int, unsigned int, unsigned int, unsigned int, unsigned int, unsigned int)
 .text._ZN14HardwareSerial17_handle_usart_irqEv
                0x0000000000021424      0x3f4 lpc2378app ARM Flash Debug/HardwareSerial0.o
                0x0000000000021424                HardwareSerial::_handle_usart_irq()
 .text._ZL10USART0_ISRv
                0x0000000000021818       0x1c lpc2378app ARM Flash Debug/HardwareSerial0.o
 .text._Z41__static_initialization_and_destruction_0ii
                0x0000000000021834      0x138 lpc2378app ARM Flash Debug/HardwareSerial0.o
 .text._GLOBAL__sub_I_Serial
                0x000000000002196c       0x1c lpc2378app ARM Flash Debug/HardwareSerial0.o
 .text._ZL10USART1_ISRv
                0x0000000000021988       0x1c lpc2378app ARM Flash Debug/HardwareSerial1.o
 .text._Z41__static_initialization_and_destruction_0ii
                0x00000000000219a4      0x138 lpc2378app ARM Flash Debug/HardwareSerial1.o
 .text._GLOBAL__sub_I_Serial1
                0x0000000000021adc       0x1c lpc2378app ARM Flash Debug/HardwareSerial1.o
 .text._ZL10USART2_ISRv
                0x0000000000021af8       0x1c lpc2378app ARM Flash Debug/HardwareSerial2.o
 .text._Z41__static_initialization_and_destruction_0ii
                0x0000000000021b14      0x138 lpc2378app ARM Flash Debug/HardwareSerial2.o
 .text._GLOBAL__sub_I_Serial2
                0x0000000000021c4c       0x1c lpc2378app ARM Flash Debug/HardwareSerial2.o
 .text._ZL10USART3_ISRv
                0x0000000000021c68       0x1c lpc2378app ARM Flash Debug/HardwareSerial3.o
 .text._Z41__static_initialization_and_destruction_0ii
                0x0000000000021c84      0x138 lpc2378app ARM Flash Debug/HardwareSerial3.o
 .text._GLOBAL__sub_I_Serial3
                0x0000000000021dbc       0x1c lpc2378app ARM Flash Debug/HardwareSerial3.o
 .text.pinMode  0x0000000000021dd8       0xa0 lpc2378app ARM Flash Debug/wiring_digital.o
                0x0000000000021dd8                pinMode
 .text.digitalWrite
                0x0000000000021e78       0x34 lpc2378app ARM Flash Debug/wiring_digital.o
                0x0000000000021e78                digitalWrite
 .text.lpc_gpio_cfg
                0x0000000000021eac      0x54c lpc2378app ARM Flash Debug/wiring_digital.o
                0x0000000000021eac                lpc_gpio_cfg
 .text.lpc_gpio_set_state
                0x00000000000223f8      0x128 lpc2378app ARM Flash Debug/wiring_digital.o
                0x00000000000223f8                lpc_gpio_set_state
 .text.setupExternalRam
                0x0000000000022520      0x148 lpc2378app ARM Flash Debug/wiring.o
                0x0000000000022520                setupExternalRam
 .text.delay    0x0000000000022668       0x38 lpc2378app ARM Flash Debug/wiring.o
                0x0000000000022668                delay
 .text._ZN5Print5writeEPKc
                0x00000000000226a0       0x6c lpc2378app ARM Flash Debug/Print.o
                0x00000000000226a0                Print::write(char const*)
 .text._ZN5Print5writeEPKhj
                0x000000000002270c       0xb0 lpc2378app ARM Flash Debug/Print.o
                0x000000000002270c                Print::write(unsigned char const*, unsigned int)
 .text._ZN5Print5printEPKc
                0x00000000000227bc       0x30 lpc2378app ARM Flash Debug/Print.o
                0x00000000000227bc                Print::print(char const*)
 .text._ZN5Print5printEc
                0x00000000000227ec       0x48 lpc2378app ARM Flash Debug/Print.o
                0x00000000000227ec                Print::print(char)
 .text._ZN5Print5printEhi
                0x0000000000022834       0x40 lpc2378app ARM Flash Debug/Print.o
                0x0000000000022834                Print::print(unsigned char, int)
 .text._ZN5Print5printEmi
                0x0000000000022874       0x7c lpc2378app ARM Flash Debug/Print.o
                0x0000000000022874                Print::print(unsigned long, int)
 .text._ZN5Print7printlnEv
                0x00000000000228f0       0x30 lpc2378app ARM Flash Debug/Print.o
                0x00000000000228f0                Print::println()
 .text._ZN5Print7printlnEPKc
                0x0000000000022920       0x4c lpc2378app ARM Flash Debug/Print.o
                0x0000000000022920                Print::println(char const*)
 .text._ZN5Print11printNumberEmh
                0x000000000002296c       0xe8 lpc2378app ARM Flash Debug/Print.o
                0x000000000002296c                Print::printNumber(unsigned long, unsigned char)
 .text._ZN6StringC2EPKc
                0x0000000000022a54       0x54 lpc2378app ARM Flash Debug/WString.o
                0x0000000000022a54                String::String(char const*)
                0x0000000000022a54                String::String(char const*)
 .text._ZN6StringD2Ev
                0x0000000000022aa8       0x30 lpc2378app ARM Flash Debug/WString.o
                0x0000000000022aa8                String::~String()
                0x0000000000022aa8                String::~String()
 .text._ZN6String4initEv
                0x0000000000022ad8       0x38 lpc2378app ARM Flash Debug/WString.o
                0x0000000000022ad8                String::init()
 .text._ZN6String10invalidateEv
                0x0000000000022b10       0x64 lpc2378app ARM Flash Debug/WString.o
                0x0000000000022b10                String::invalidate()
 .text._ZN6String7reserveEj
                0x0000000000022b74       0xa0 lpc2378app ARM Flash Debug/WString.o
                0x0000000000022b74                String::reserve(unsigned int)
 .text._ZN6String12changeBufferEj
                0x0000000000022c14       0x70 lpc2378app ARM Flash Debug/WString.o
                0x0000000000022c14                String::changeBuffer(unsigned int)
 .text._ZN6String4copyEPKcj
                0x0000000000022c84       0x80 lpc2378app ARM Flash Debug/WString.o
                0x0000000000022c84                String::copy(char const*, unsigned int)
 .text._ZN9PrintableC2Ev
                0x0000000000022d04       0x28 lpc2378app ARM Flash Debug/IPAddress.o
                0x0000000000022d04                Printable::Printable()
                0x0000000000022d04                Printable::Printable()
 .text._ZN9IPAddressC2Ehhhh
                0x0000000000022d2c       0x90 lpc2378app ARM Flash Debug/IPAddress.o
                0x0000000000022d2c                IPAddress::IPAddress(unsigned char, unsigned char, unsigned char, unsigned char)
                0x0000000000022d2c                IPAddress::IPAddress(unsigned char, unsigned char, unsigned char, unsigned char)
 .text._ZNK9IPAddress7printToER5Print
                0x0000000000022dbc       0xc8 lpc2378app ARM Flash Debug/IPAddress.o
                0x0000000000022dbc                IPAddress::printTo(Print&) const
 .text._Z41__static_initialization_and_destruction_0ii
                0x0000000000022e84       0x60 lpc2378app ARM Flash Debug/IPAddress.o
 .text._GLOBAL__sub_I__ZN9IPAddressC2Ev
                0x0000000000022ee4       0x1c lpc2378app ARM Flash Debug/IPAddress.o
 .text._ZN6EONLogC2Ev
                0x0000000000022f00       0x48 lpc2378app ARM Flash Debug/EONLog.o
                0x0000000000022f00                EONLog::EONLog()
                0x0000000000022f00                EONLog::EONLog()
 .text._Z41__static_initialization_and_destruction_0ii
                0x0000000000022f48       0x4c lpc2378app ARM Flash Debug/EONLog.o
 .text._GLOBAL__sub_I_mutexDebugOutput
                0x0000000000022f94       0x1c lpc2378app ARM Flash Debug/EONLog.o
 .text._ZN7LoggingC2Ev
                0x0000000000022fb0       0x54 lpc2378app ARM Flash Debug/ArduinoLog.o
                0x0000000000022fb0                Logging::Logging()
                0x0000000000022fb0                Logging::Logging()
 .text._Z41__static_initialization_and_destruction_0ii
                0x0000000000023004       0x4c lpc2378app ARM Flash Debug/ArduinoLog.o
 .text._GLOBAL__sub_I__ZN7Logging5beginEiP5Printb
                0x0000000000023050       0x1c lpc2378app ARM Flash Debug/ArduinoLog.o
 .text._ZN11DiagnosticsC2Ev
                0x000000000002306c       0x18 lpc2378app ARM Flash Debug/diagnostics.o
                0x000000000002306c                Diagnostics::Diagnostics()
                0x000000000002306c                Diagnostics::Diagnostics()
 .text._ZN11DiagnosticsD2Ev
                0x0000000000023084       0x18 lpc2378app ARM Flash Debug/diagnostics.o
                0x0000000000023084                Diagnostics::~Diagnostics()
                0x0000000000023084                Diagnostics::~Diagnostics()
 .text._Z41__static_initialization_and_destruction_0ii
                0x000000000002309c       0x64 lpc2378app ARM Flash Debug/diagnostics.o
 .text._GLOBAL__sub_I__ZN11Diagnostics15_printErrorCodeEv
                0x0000000000023100       0x1c lpc2378app ARM Flash Debug/diagnostics.o
 .text._ZN9SPIMemoryC2Ev
                0x000000000002311c       0x18 lpc2378app ARM Flash Debug/SPIMemory.o
                0x000000000002311c                SPIMemory::SPIMemory()
                0x000000000002311c                SPIMemory::SPIMemory()
 .text._ZN9SPIMemoryD2Ev
                0x0000000000023134       0x18 lpc2378app ARM Flash Debug/SPIMemory.o
                0x0000000000023134                SPIMemory::~SPIMemory()
                0x0000000000023134                SPIMemory::~SPIMemory()
 .text._Z41__static_initialization_and_destruction_0ii
                0x000000000002314c       0x64 lpc2378app ARM Flash Debug/SPIMemory.o
 .text._GLOBAL__sub_I_SPIMemory
                0x00000000000231b0       0x1c lpc2378app ARM Flash Debug/SPIMemory.o
 .text.get_pclk
                0x00000000000231cc       0x64 lpc2378app ARM Flash Debug/LPC230x.o
 .text.timerISR
                0x0000000000023230       0x34 lpc2378app ARM Flash Debug/LPC230x.o
 .text.ctl_start_timer
                0x0000000000023264       0xe4 lpc2378app ARM Flash Debug/LPC230x.o
                0x0000000000023264                ctl_start_timer
 .text.ctl_set_isr
                0x0000000000023348       0xdc lpc2378app ARM Flash Debug/VIC_PL192.o
                0x0000000000023348                ctl_set_isr
 .text.ctl_unmask_isr
                0x0000000000023424       0x30 lpc2378app ARM Flash Debug/VIC_PL192.o
                0x0000000000023424                ctl_unmask_isr
 .text          0x0000000000023454       0x68 lpc2378app ARM Flash Debug/VIC_PL192_irq_handler.o
                0x0000000000023454                irq_handler
 .text.libctl.ctl_private_add_to_task_list
                0x00000000000234bc       0x94 /Users/frank/Library/Rowley Associates Limited/CrossWorks for ARM/v4/packages/libraries/libctl/lib/libctl_v4t_a_le_eabi.a(ctl_unity.o)
                0x00000000000234bc                ctl_private_add_to_task_list
 .text.libctl.ctl_private_remove_from_task_list
                0x0000000000023550       0x60 /Users/frank/Library/Rowley Associates Limited/CrossWorks for ARM/v4/packages/libraries/libctl/lib/libctl_v4t_a_le_eabi.a(ctl_unity.o)
                0x0000000000023550                ctl_private_remove_from_task_list
 .text.libctl.ctl_private_reschedule
                0x00000000000235b0      0x15c /Users/frank/Library/Rowley Associates Limited/CrossWorks for ARM/v4/packages/libraries/libctl/lib/libctl_v4t_a_le_eabi.a(ctl_unity.o)
                0x00000000000235b0                ctl_private_reschedule
 .text.libctl.ctl_task_init
                0x000000000002370c       0x54 /Users/frank/Library/Rowley Associates Limited/CrossWorks for ARM/v4/packages/libraries/libctl/lib/libctl_v4t_a_le_eabi.a(ctl_unity.o)
                0x000000000002370c                ctl_task_init
 .text.libctl.ctl_task_run
                0x0000000000023760       0xd8 /Users/frank/Library/Rowley Associates Limited/CrossWorks for ARM/v4/packages/libraries/libctl/lib/libctl_v4t_a_le_eabi.a(ctl_unity.o)
                0x0000000000023760                ctl_task_run
 .text.libctl.ctl_task_die
                0x0000000000023838       0x64 /Users/frank/Library/Rowley Associates Limited/CrossWorks for ARM/v4/packages/libraries/libctl/lib/libctl_v4t_a_le_eabi.a(ctl_unity.o)
                0x0000000000023838                ctl_task_die
 .text.libctl.ctl_task_set_priority
                0x000000000002389c       0x78 /Users/frank/Library/Rowley Associates Limited/CrossWorks for ARM/v4/packages/libraries/libctl/lib/libctl_v4t_a_le_eabi.a(ctl_unity.o)
                0x000000000002389c                ctl_task_set_priority
 .text.libctl.ctl_timeout_wait
                0x0000000000023914       0x70 /Users/frank/Library/Rowley Associates Limited/CrossWorks for ARM/v4/packages/libraries/libctl/lib/libctl_v4t_a_le_eabi.a(ctl_unity.o)
                0x0000000000023914                ctl_timeout_wait
 .text.libctl.ctl_increment_tick_from_isr
                0x0000000000023984      0x100 /Users/frank/Library/Rowley Associates Limited/CrossWorks for ARM/v4/packages/libraries/libctl/lib/libctl_v4t_a_le_eabi.a(ctl_unity.o)
                0x0000000000023984                ctl_increment_tick_from_isr
 .text.libctl.ctl_events_init
                0x0000000000023a84       0x28 /Users/frank/Library/Rowley Associates Limited/CrossWorks for ARM/v4/packages/libraries/libctl/lib/libctl_v4t_a_le_eabi.a(ctl_unity.o)
                0x0000000000023a84                ctl_events_init
 .text.libctl.ctl_events_wait
                0x0000000000023aac      0x17c /Users/frank/Library/Rowley Associates Limited/CrossWorks for ARM/v4/packages/libraries/libctl/lib/libctl_v4t_a_le_eabi.a(ctl_unity.o)
                0x0000000000023aac                ctl_events_wait
 .text.libctl.__heap_lock
                0x0000000000023c28       0x44 /Users/frank/Library/Rowley Associates Limited/CrossWorks for ARM/v4/packages/libraries/libctl/lib/libctl_v4t_a_le_eabi.a(ctl_unity.o)
                0x0000000000023c28                __heap_lock
 .text.libctl.ctl_private_events_schedule
                0x0000000000023c6c       0xdc /Users/frank/Library/Rowley Associates Limited/CrossWorks for ARM/v4/packages/libraries/libctl/lib/libctl_v4t_a_le_eabi.a(ctl_unity.o)
                0x0000000000023c6c                ctl_private_events_schedule
 .text.libctl.ctl_events_set_clear
                0x0000000000023d48       0xa4 /Users/frank/Library/Rowley Associates Limited/CrossWorks for ARM/v4/packages/libraries/libctl/lib/libctl_v4t_a_le_eabi.a(ctl_unity.o)
                0x0000000000023d48                ctl_events_set_clear
 .text.libctl.__heap_unlock
                0x0000000000023dec       0x34 /Users/frank/Library/Rowley Associates Limited/CrossWorks for ARM/v4/packages/libraries/libctl/lib/libctl_v4t_a_le_eabi.a(ctl_unity.o)
                0x0000000000023dec                __heap_unlock
 .text.libctl   0x0000000000023e20      0x248 /Users/frank/Library/Rowley Associates Limited/CrossWorks for ARM/v4/packages/libraries/libctl/lib/libctl_v4t_a_le_eabi.a(ctl_arm.o)
                0x0000000000023e20                ctl_private_get_stack_start
                0x0000000000023e28                ctl_private_get_thread_local_storage
                0x0000000000023e30                ctl_private_init_registers
                0x0000000000023eac                ctl_private_init_thread_local_storage
                0x0000000000023f00                __aeabi_read_tp
                0x0000000000023f1c                ctl_private_reschedule_from_api_call
                0x0000000000023f3c                ctl_exit_isr
 .text.libctl.ctl_global_interrupts_set
                0x0000000000024068       0x24 /Users/frank/Library/Rowley Associates Limited/CrossWorks for ARM/v4/packages/libraries/libctl/lib/libctl_v4t_a_le_eabi.a(ctl_arm_int.o)
                0x0000000000024068                ctl_global_interrupts_set
 .text.liblpc2000.liblpc2000_lpc23xx_get_cclk
                0x000000000002408c       0x90 /Users/frank/Library/Rowley Associates Limited/CrossWorks for ARM/v4/packages/lib/liblpc2000_v4t_a_le_eabi.a(liblpc2000_lpc23xx_get_cclk.o)
                0x000000000002408c                liblpc2000_lpc23xx_get_cclk
 .text.libc.__uint32_div
                0x000000000002411c      0x164 /Applications/CrossWorks for ARM 4.5/lib/libc_v4t_a_le_eabi.a(libc_asm.o)
                0x000000000002411c                __udivsi3
                0x000000000002411c                __uint32_div
                0x000000000002411c                __aeabi_uidiv
 .text.libc.__aeabi_uidivmod
                0x0000000000024280       0x54 /Applications/CrossWorks for ARM 4.5/lib/libc_v4t_a_le_eabi.a(libc_asm.o)
                0x0000000000024280                __int32_udivmod
                0x0000000000024280                __aeabi_uidivmod
 .text.libc.atexit
                0x00000000000242d4       0x34 /Applications/CrossWorks for ARM 4.5/lib/libc_v4t_a_le_eabi.a(libc2.o)
                0x00000000000242d4                atexit
 .text.libc.__aeabi_atexit
                0x0000000000024308       0x14 /Applications/CrossWorks for ARM 4.5/lib/libc_v4t_a_le_eabi.a(libc2.o)
                0x0000000000024308                __aeabi_atexit
 .text.libc.malloc
                0x000000000002431c      0x108 /Applications/CrossWorks for ARM 4.5/lib/libc_v4t_a_le_eabi.a(libc2.o)
                0x000000000002431c                malloc
 .text.libc.free
                0x0000000000024424      0x130 /Applications/CrossWorks for ARM 4.5/lib/libc_v4t_a_le_eabi.a(libc2.o)
                0x0000000000024424                free
 .text.libc.realloc
                0x0000000000024554       0x4c /Applications/CrossWorks for ARM 4.5/lib/libc_v4t_a_le_eabi.a(libc2.o)
                0x0000000000024554                realloc
 .text.libc.memcpy
                0x00000000000245a0       0x74 /Applications/CrossWorks for ARM 4.5/lib/libc_v4t_a_le_eabi.a(libc2_asm.o)
                0x00000000000245a0                memcpy
                0x00000000000245a0                __aeabi_memcpy
                0x00000000000245b0                __aeabi_memcpy4
                0x00000000000245b0                __aeabi_memcpy8
 .text.libc.memset
                0x0000000000024614       0xa4 /Applications/CrossWorks for ARM 4.5/lib/libc_v4t_a_le_eabi.a(libc2_asm.o)
                0x0000000000024614                memset
 .text.libc.strcpy
                0x00000000000246b8       0x60 /Applications/CrossWorks for ARM 4.5/lib/libc_v4t_a_le_eabi.a(libc2_asm.o)
                0x00000000000246b8                strcpy
 .text.libc.strlen
                0x0000000000024718       0x88 /Applications/CrossWorks for ARM 4.5/lib/libc_v4t_a_le_eabi.a(libc2_asm.o)
                0x0000000000024718                strlen
                0x00000000000247a0                __text_end__ = (__text_start__ + SIZEOF (.text))
                0x000000000000445c                __text_size__ = SIZEOF (.text)
                0x00000000000247a0                __text_load_end__ = __text_end__

.vfp11_veneer   0x0000000100000000        0x0
 .vfp11_veneer  0x0000000100000000        0x0 linker stubs

.v4_bx          0x0000000100000000        0x0
 .v4_bx         0x0000000100000000        0x0 linker stubs

.iplt           0x0000000100000000        0x0
 .iplt          0x0000000100000000        0x0 lpc2378app ARM Flash Debug/crt0.o
                0x0000000000000001                . = ASSERT (((__text_start__ == __text_end__) || ((__text_end__ - __FLASH_segment_start__) <= __FLASH_segment_size__)), error: .text is too large to fit in FLASH memory segment)
                0x00000000000247a0                __dtors_load_start__ = ALIGN (__text_end__, 0x4)

.dtors          0x00000000000247a0        0x0
                0x00000000000247a0                __dtors_start__ = .
 *(SORT_BY_NAME(.dtors.*))
 *(.dtors)
 *(.fini_array)
 *(SORT_BY_NAME(.fini_array.*))
                0x00000000000247a0                __dtors_end__ = (__dtors_start__ + SIZEOF (.dtors))
                0x0000000000000000                __dtors_size__ = SIZEOF (.dtors)
                0x00000000000247a0                __dtors_load_end__ = __dtors_end__
                0x0000000000000001                . = ASSERT (((__dtors_start__ == __dtors_end__) || ((__dtors_end__ - __FLASH_segment_start__) <= __FLASH_segment_size__)), error: .dtors is too large to fit in FLASH memory segment)
                0x00000000000247a0                __ctors_load_start__ = ALIGN (__dtors_end__, 0x4)

.ctors          0x00000000000247a0       0x28
                0x00000000000247a0                __ctors_start__ = .
 *(SORT_BY_NAME(.ctors.*))
 *(.ctors)
 *(.init_array)
 .init_array    0x00000000000247a0        0x4 lpc2378app ARM Flash Debug/main_ctl.o
 .init_array    0x00000000000247a4        0x4 lpc2378app ARM Flash Debug/HardwareSerial0.o
 .init_array    0x00000000000247a8        0x4 lpc2378app ARM Flash Debug/HardwareSerial1.o
 .init_array    0x00000000000247ac        0x4 lpc2378app ARM Flash Debug/HardwareSerial2.o
 .init_array    0x00000000000247b0        0x4 lpc2378app ARM Flash Debug/HardwareSerial3.o
 .init_array    0x00000000000247b4        0x4 lpc2378app ARM Flash Debug/IPAddress.o
 .init_array    0x00000000000247b8        0x4 lpc2378app ARM Flash Debug/EONLog.o
 .init_array    0x00000000000247bc        0x4 lpc2378app ARM Flash Debug/ArduinoLog.o
 .init_array    0x00000000000247c0        0x4 lpc2378app ARM Flash Debug/diagnostics.o
 .init_array    0x00000000000247c4        0x4 lpc2378app ARM Flash Debug/SPIMemory.o
 *(SORT_BY_NAME(.init_array.*))
                0x00000000000247c8                __ctors_end__ = (__ctors_start__ + SIZEOF (.ctors))
                0x0000000000000028                __ctors_size__ = SIZEOF (.ctors)
                0x00000000000247c8                __ctors_load_end__ = __ctors_end__
                0x0000000000000001                . = ASSERT (((__ctors_start__ == __ctors_end__) || ((__ctors_end__ - __FLASH_segment_start__) <= __FLASH_segment_size__)), error: .ctors is too large to fit in FLASH memory segment)
                0x00000000000247c8                __rodata_load_start__ = ALIGN (__ctors_end__, 0x4)

.rodata         0x00000000000247c8      0x104
                0x00000000000247c8                __rodata_start__ = .
 *(.rodata .rodata.* .gnu.linkonce.r.*)
 .rodata        0x00000000000247c8       0x39 lpc2378app ARM Flash Debug/main_ctl.o
 *fill*         0x0000000000024801        0x3 
 .rodata._ZTV14HardwareSerial
                0x0000000000024804       0x24 lpc2378app ARM Flash Debug/HardwareSerial.o
                0x0000000000024804                vtable for HardwareSerial
 .rodata._ZTV6Stream
                0x0000000000024828       0x24 lpc2378app ARM Flash Debug/HardwareSerial0.o
                0x0000000000024828                vtable for Stream
 .rodata        0x000000000002484c       0x10 lpc2378app ARM Flash Debug/Print.o
 .rodata._ZTV5Print
                0x000000000002485c       0x18 lpc2378app ARM Flash Debug/Print.o
                0x000000000002485c                vtable for Print
 .rodata._ZTV9IPAddress
                0x0000000000024874        0xc lpc2378app ARM Flash Debug/IPAddress.o
                0x0000000000024874                vtable for IPAddress
 .rodata._ZTV9Printable
                0x0000000000024880        0xc lpc2378app ARM Flash Debug/IPAddress.o
                0x0000000000024880                vtable for Printable
 .rodata.libc.__aeabi_uidiv
                0x000000000002488c       0x40 /Applications/CrossWorks for ARM 4.5/lib/libc_v4t_a_le_eabi.a(libc_asm.o)
                0x000000000002488c                __RAL_uidiv_inverse_lut
                0x00000000000248cc                __rodata_end__ = (__rodata_start__ + SIZEOF (.rodata))
                0x0000000000000104                __rodata_size__ = SIZEOF (.rodata)
                0x00000000000248cc                __rodata_load_end__ = __rodata_end__

.rel.dyn        0x0000000000020000        0x0
 .rel.iplt      0x0000000000020000        0x0 lpc2378app ARM Flash Debug/crt0.o
                0x0000000000000001                . = ASSERT (((__rodata_start__ == __rodata_end__) || ((__rodata_end__ - __FLASH_segment_start__) <= __FLASH_segment_size__)), error: .rodata is too large to fit in FLASH memory segment)
                0x00000000000248cc                __ARM.exidx_load_start__ = ALIGN (__rodata_end__, 0x4)

.ARM.exidx      0x00000000000248cc        0x0
                0x00000000000248cc                __ARM.exidx_start__ = .
                0x00000000000248cc                __exidx_start = __ARM.exidx_start__
 *(.ARM.exidx .ARM.exidx.*)
                0x00000000000248cc                __ARM.exidx_end__ = (__ARM.exidx_start__ + SIZEOF (.ARM.exidx))
                0x0000000000000000                __ARM.exidx_size__ = SIZEOF (.ARM.exidx)
                0x00000000000248cc                __exidx_end = __ARM.exidx_end__
                0x00000000000248cc                __ARM.exidx_load_end__ = __ARM.exidx_end__
                0x0000000000000001                . = ASSERT (((__ARM.exidx_start__ == __ARM.exidx_end__) || ((__ARM.exidx_end__ - __FLASH_segment_start__) <= __FLASH_segment_size__)), error: .ARM.exidx is too large to fit in FLASH memory segment)
                0x00000000000248cc                __fast_load_start__ = ALIGN (__ARM.exidx_end__, 0x4)

.fast           0x000000004000003c        0x0 load address 0x00000000000248cc
                0x000000004000003c                __fast_start__ = .
 *(.fast .fast.*)
                0x000000004000003c                __fast_end__ = (__fast_start__ + SIZEOF (.fast))
                0x0000000000000000                __fast_size__ = SIZEOF (.fast)
                0x00000000000248cc                __fast_load_end__ = (__fast_load_start__ + SIZEOF (.fast))
                0x0000000000000001                . = ASSERT (((__fast_load_start__ == __fast_load_end__) || ((__fast_load_end__ - __FLASH_segment_start__) <= __FLASH_segment_size__)), error: .fast is too large to fit in FLASH memory segment)

.fast_run       0x000000004000003c        0x0
                0x000000004000003c                __fast_run_start__ = .
                0x000000004000003c                . = MAX ((__fast_run_start__ + SIZEOF (.fast)), .)
                0x000000004000003c                __fast_run_end__ = (__fast_run_start__ + SIZEOF (.fast_run))
                0x0000000000000000                __fast_run_size__ = SIZEOF (.fast_run)
                0x000000004000003c                __fast_run_load_end__ = __fast_run_end__
                0x0000000000000001                . = ASSERT (((__fast_run_start__ == __fast_run_end__) || ((__fast_run_end__ - __SRAM_segment_start__) <= __SRAM_segment_size__)), error: .fast_run is too large to fit in SRAM memory segment)
                0x00000000000248cc                __data_load_start__ = ALIGN ((__fast_load_start__ + SIZEOF (.fast)), 0x4)

.data           0x000000004000003c       0x10 load address 0x00000000000248cc
                0x000000004000003c                __data_start__ = .
 *(.data .data.* .gnu.linkonce.d.*)
 .data.libctl.ctl_libc_mutex
                0x000000004000003c        0x4 /Users/frank/Library/Rowley Associates Limited/CrossWorks for ARM/v4/packages/libraries/libctl/lib/libctl_v4t_a_le_eabi.a(ctl_unity.o)
                0x000000004000003c                ctl_libc_mutex
 .data.libctl.ctl_time_increment
                0x0000000040000040        0x4 /Users/frank/Library/Rowley Associates Limited/CrossWorks for ARM/v4/packages/libraries/libctl/lib/libctl_v4t_a_le_eabi.a(ctl_unity.o)
                0x0000000040000040                ctl_time_increment
 .data.libctl.ctl_timeslice_period
                0x0000000040000044        0x4 /Users/frank/Library/Rowley Associates Limited/CrossWorks for ARM/v4/packages/libraries/libctl/lib/libctl_v4t_a_le_eabi.a(ctl_unity.o)
                0x0000000040000044                ctl_timeslice_period
 .data.libc.heap
                0x0000000040000048        0x4 /Applications/CrossWorks for ARM 4.5/lib/libc_v4t_a_le_eabi.a(libc2.o)
                0x000000004000004c                __data_end__ = (__data_start__ + SIZEOF (.data))
                0x0000000000000010                __data_size__ = SIZEOF (.data)
                0x00000000000248dc                __data_load_end__ = (__data_load_start__ + SIZEOF (.data))

.igot.plt       0x0000000100000000        0x0
 .igot.plt      0x0000000100000000        0x0 lpc2378app ARM Flash Debug/crt0.o
                0x0000000000000001                . = ASSERT (((__data_load_start__ == __data_load_end__) || ((__data_load_end__ - __FLASH_segment_start__) <= __FLASH_segment_size__)), error: .data is too large to fit in FLASH memory segment)

.data_run       0x000000004000003c       0x10 load address 0x00000000000248cc
                0x000000004000003c                __data_run_start__ = .
                0x000000004000004c                . = MAX ((__data_run_start__ + SIZEOF (.data)), .)
 *fill*         0x000000004000003c       0x10 
                0x000000004000004c                __data_run_end__ = (__data_run_start__ + SIZEOF (.data_run))
                0x0000000000000010                __data_run_size__ = SIZEOF (.data_run)
                0x000000004000004c                __data_run_load_end__ = __data_run_end__
                0x0000000000000001                . = ASSERT (((__data_run_start__ == __data_run_end__) || ((__data_run_end__ - __SRAM_segment_start__) <= __SRAM_segment_size__)), error: .data_run is too large to fit in SRAM memory segment)
                0x000000004000004c                __bss_load_start__ = ALIGN (__data_run_end__, 0x4)

.bss            0x000000004000004c      0x794
                0x000000004000004c                __bss_start__ = .
 *(.bss .bss.* .gnu.linkonce.b.*)
 .bss.event_set_isr
                0x000000004000004c        0x4 lpc2378app ARM Flash Debug/main_ctl.o
                0x000000004000004c                event_set_isr
 .bss._ZL8mainTask
                0x0000000040000050       0x2c lpc2378app ARM Flash Debug/main_ctl.o
 .bss._ZL9task1Task
                0x000000004000007c       0x2c lpc2378app ARM Flash Debug/main_ctl.o
 .bss._ZL9task2Task
                0x00000000400000a8       0x2c lpc2378app ARM Flash Debug/main_ctl.o
 .bss._ZL10task1Stack
                0x00000000400000d4      0x100 lpc2378app ARM Flash Debug/main_ctl.o
 .bss._ZL10task2Stack
                0x00000000400001d4      0x200 lpc2378app ARM Flash Debug/main_ctl.o
 .bss.inputString
                0x00000000400003d4        0xc lpc2378app ARM Flash Debug/main_ctl.o
                0x00000000400003d4                inputString
 .bss._ZZ16ctl_handle_errorE16iNoTaskToRunErrs
                0x00000000400003e0        0x4 lpc2378app ARM Flash Debug/main_ctl.o
 .bss._ZZ16ctl_handle_errorE16iMutexUnlockErrs
                0x00000000400003e4        0x4 lpc2378app ARM Flash Debug/main_ctl.o
 .bss.Serial    0x00000000400003e8       0xbc lpc2378app ARM Flash Debug/HardwareSerial0.o
                0x00000000400003e8                Serial
 .bss.Serial1   0x00000000400004a4       0xbc lpc2378app ARM Flash Debug/HardwareSerial1.o
                0x00000000400004a4                Serial1
 .bss.Serial2   0x0000000040000560       0xbc lpc2378app ARM Flash Debug/HardwareSerial2.o
                0x0000000040000560                Serial2
 .bss.Serial3   0x000000004000061c       0xbc lpc2378app ARM Flash Debug/HardwareSerial3.o
                0x000000004000061c                Serial3
 .bss._ZL11INADDR_NONE
                0x00000000400006d8        0x8 lpc2378app ARM Flash Debug/IPAddress.o
 .bss.Debug     0x00000000400006e0       0x3c lpc2378app ARM Flash Debug/EONLog.o
                0x00000000400006e0                Debug
 .bss.Log       0x000000004000071c       0x14 lpc2378app ARM Flash Debug/ArduinoLog.o
                0x000000004000071c                Log
 .bss.diagnostics
                0x0000000040000730        0x1 lpc2378app ARM Flash Debug/diagnostics.o
                0x0000000040000730                diagnostics
 *fill*         0x0000000040000731        0x3 
 .bss.SPIMemory
                0x0000000040000734        0x1 lpc2378app ARM Flash Debug/SPIMemory.o
                0x0000000040000734                SPIMemory
 *fill*         0x0000000040000735        0x3 
 .bss.timerFn   0x0000000040000738        0x4 lpc2378app ARM Flash Debug/LPC230x.o
 .bss.libctl.ctl_current_time
                0x000000004000073c        0x4 /Users/frank/Library/Rowley Associates Limited/CrossWorks for ARM/v4/packages/libraries/libctl/lib/libctl_v4t_a_le_eabi.a(ctl_unity.o)
                0x000000004000073c                ctl_current_time
 .bss.libctl.ctl_interrupt_count
                0x0000000040000740        0x1 /Users/frank/Library/Rowley Associates Limited/CrossWorks for ARM/v4/packages/libraries/libctl/lib/libctl_v4t_a_le_eabi.a(ctl_unity.o)
                0x0000000040000740                ctl_interrupt_count
 *fill*         0x0000000040000741        0x3 
 .bss.libctl.ctl_last_schedule_time
                0x0000000040000744        0x4 /Users/frank/Library/Rowley Associates Limited/CrossWorks for ARM/v4/packages/libraries/libctl/lib/libctl_v4t_a_le_eabi.a(ctl_unity.o)
                0x0000000040000744                ctl_last_schedule_time
 .bss.libctl.ctl_reschedule_on_last_isr_exit
                0x0000000040000748        0x1 /Users/frank/Library/Rowley Associates Limited/CrossWorks for ARM/v4/packages/libraries/libctl/lib/libctl_v4t_a_le_eabi.a(ctl_unity.o)
                0x0000000040000748                ctl_reschedule_on_last_isr_exit
 *fill*         0x0000000040000749        0x3 
 .bss.libctl.ctl_task_executing
                0x000000004000074c        0x4 /Users/frank/Library/Rowley Associates Limited/CrossWorks for ARM/v4/packages/libraries/libctl/lib/libctl_v4t_a_le_eabi.a(ctl_unity.o)
                0x000000004000074c                ctl_task_executing
 .bss.libctl.ctl_task_list
                0x0000000040000750        0x4 /Users/frank/Library/Rowley Associates Limited/CrossWorks for ARM/v4/packages/libraries/libctl/lib/libctl_v4t_a_le_eabi.a(ctl_unity.o)
                0x0000000040000750                ctl_task_list
 .bss.libctl.ctl_task_switch_callout
                0x0000000040000754        0x4 /Users/frank/Library/Rowley Associates Limited/CrossWorks for ARM/v4/packages/libraries/libctl/lib/libctl_v4t_a_le_eabi.a(ctl_unity.o)
                0x0000000040000754                ctl_task_switch_callout
 .bss.libc.__atexitfns
                0x0000000040000758       0x80 /Applications/CrossWorks for ARM 4.5/lib/libc_v4t_a_le_eabi.a(libc2.o)
 .bss.libc.__dso_handle
                0x00000000400007d8        0x4 /Applications/CrossWorks for ARM 4.5/lib/libc_v4t_a_le_eabi.a(libc2.o)
                0x00000000400007d8                __dso_handle
 .bss.libc.atexitfn_count
                0x00000000400007dc        0x4 /Applications/CrossWorks for ARM 4.5/lib/libc_v4t_a_le_eabi.a(libc2.o)
 *(COMMON)
                0x00000000400007e0                __bss_end__ = (__bss_start__ + SIZEOF (.bss))
                0x0000000000000794                __bss_size__ = SIZEOF (.bss)
                0x00000000400007e0                __bss_load_end__ = __bss_end__
                0x0000000000000001                . = ASSERT (((__bss_start__ == __bss_end__) || ((__bss_end__ - __SRAM_segment_start__) <= __SRAM_segment_size__)), error: .bss is too large to fit in SRAM memory segment)
                0x00000000400007e0                __non_init_load_start__ = ALIGN (__bss_end__, 0x4)

.non_init       0x00000000400007e0        0x0
                0x00000000400007e0                __non_init_start__ = .
 *(.non_init .non_init.*)
                0x00000000400007e0                __non_init_end__ = (__non_init_start__ + SIZEOF (.non_init))
                0x0000000000000000                __non_init_size__ = SIZEOF (.non_init)
                0x00000000400007e0                __non_init_load_end__ = __non_init_end__
                0x0000000000000001                . = ASSERT (((__non_init_start__ == __non_init_end__) || ((__non_init_end__ - __SRAM_segment_start__) <= __SRAM_segment_size__)), error: .non_init is too large to fit in SRAM memory segment)
                0x00000000400007e0                __heap_load_start__ = ALIGN (__non_init_end__, 0x4)

.heap           0x00000000400007e0      0x400
                0x00000000400007e0                __heap_start__ = .
 *(.heap .heap.*)
                0x0000000040000be0                . = ALIGN (MAX ((__heap_start__ + __HEAPSIZE__), .), 0x4)
 *fill*         0x00000000400007e0      0x400 
                0x0000000040000be0                __heap_end__ = (__heap_start__ + SIZEOF (.heap))
                0x0000000000000400                __heap_size__ = SIZEOF (.heap)
                0x0000000040000be0                __heap_load_end__ = __heap_end__
                0x0000000000000001                . = ASSERT (((__heap_start__ == __heap_end__) || ((__heap_end__ - __SRAM_segment_start__) <= __SRAM_segment_size__)), error: .heap is too large to fit in SRAM memory segment)
                0x0000000040000be0                __stack_load_start__ = ALIGN (__heap_end__, 0x8)

.stack          0x0000000040000be0      0x400
                0x0000000040000be0                __stack_start__ = .
 *(.stack .stack.*)
                0x0000000040000fe0                . = ALIGN (MAX ((__stack_start__ + __STACKSIZE__), .), 0x8)
 *fill*         0x0000000040000be0      0x400 
                0x0000000040000fe0                __stack_end__ = (__stack_start__ + SIZEOF (.stack))
                0x0000000000000400                __stack_size__ = SIZEOF (.stack)
                0x0000000040000fe0                __stack_load_end__ = __stack_end__
                0x0000000000000001                . = ASSERT (((__stack_start__ == __stack_end__) || ((__stack_end__ - __SRAM_segment_start__) <= __SRAM_segment_size__)), error: .stack is too large to fit in SRAM memory segment)
                0x0000000040000fe0                __stack_irq_load_start__ = ALIGN (__stack_end__, 0x8)

.stack_irq      0x0000000040000fe0      0x100
                0x0000000040000fe0                __stack_irq_start__ = .
 *(.stack_irq .stack_irq.*)
                0x00000000400010e0                . = ALIGN (MAX ((__stack_irq_start__ + __STACKSIZE_IRQ__), .), 0x8)
 *fill*         0x0000000040000fe0      0x100 
                0x00000000400010e0                __stack_irq_end__ = (__stack_irq_start__ + SIZEOF (.stack_irq))
                0x0000000000000100                __stack_irq_size__ = SIZEOF (.stack_irq)
                0x00000000400010e0                __stack_irq_load_end__ = __stack_irq_end__
                0x0000000000000001                . = ASSERT (((__stack_irq_start__ == __stack_irq_end__) || ((__stack_irq_end__ - __SRAM_segment_start__) <= __SRAM_segment_size__)), error: .stack_irq is too large to fit in SRAM memory segment)
                0x00000000400010e0                __stack_fiq_load_start__ = ALIGN (__stack_irq_end__, 0x8)

.stack_fiq      0x00000000400010e0      0x100
                0x00000000400010e0                __stack_fiq_start__ = .
 *(.stack_fiq .stack_fiq.*)
                0x00000000400011e0                . = ALIGN (MAX ((__stack_fiq_start__ + __STACKSIZE_FIQ__), .), 0x8)
 *fill*         0x00000000400010e0      0x100 
                0x00000000400011e0                __stack_fiq_end__ = (__stack_fiq_start__ + SIZEOF (.stack_fiq))
                0x0000000000000100                __stack_fiq_size__ = SIZEOF (.stack_fiq)
                0x00000000400011e0                __stack_fiq_load_end__ = __stack_fiq_end__
                0x0000000000000001                . = ASSERT (((__stack_fiq_start__ == __stack_fiq_end__) || ((__stack_fiq_end__ - __SRAM_segment_start__) <= __SRAM_segment_size__)), error: .stack_fiq is too large to fit in SRAM memory segment)
                0x00000000400011e0                __stack_svc_load_start__ = ALIGN (__stack_fiq_end__, 0x8)

.stack_svc      0x00000000400011e0        0x0
                0x00000000400011e0                __stack_svc_start__ = .
 *(.stack_svc .stack_svc.*)
                0x00000000400011e0                . = ALIGN (MAX ((__stack_svc_start__ + __STACKSIZE_SVC__), .), 0x8)
                0x00000000400011e0                __stack_svc_end__ = (__stack_svc_start__ + SIZEOF (.stack_svc))
                0x0000000000000000                __stack_svc_size__ = SIZEOF (.stack_svc)
                0x00000000400011e0                __stack_svc_load_end__ = __stack_svc_end__
                0x0000000000000001                . = ASSERT (((__stack_svc_start__ == __stack_svc_end__) || ((__stack_svc_end__ - __SRAM_segment_start__) <= __SRAM_segment_size__)), error: .stack_svc is too large to fit in SRAM memory segment)
                0x00000000400011e0                __stack_abt_load_start__ = ALIGN (__stack_svc_end__, 0x8)

.stack_abt      0x00000000400011e0        0x0
                0x00000000400011e0                __stack_abt_start__ = .
 *(.stack_abt .stack_abt.*)
                0x00000000400011e0                . = ALIGN (MAX ((__stack_abt_start__ + __STACKSIZE_ABT__), .), 0x8)
                0x00000000400011e0                __stack_abt_end__ = (__stack_abt_start__ + SIZEOF (.stack_abt))
                0x0000000000000000                __stack_abt_size__ = SIZEOF (.stack_abt)
                0x00000000400011e0                __stack_abt_load_end__ = __stack_abt_end__
                0x0000000000000001                . = ASSERT (((__stack_abt_start__ == __stack_abt_end__) || ((__stack_abt_end__ - __SRAM_segment_start__) <= __SRAM_segment_size__)), error: .stack_abt is too large to fit in SRAM memory segment)
                0x00000000400011e0                __stack_und_load_start__ = ALIGN (__stack_abt_end__, 0x8)

.stack_und      0x00000000400011e0        0x0
                0x00000000400011e0                __stack_und_start__ = .
 *(.stack_und .stack_und.*)
                0x00000000400011e0                . = ALIGN (MAX ((__stack_und_start__ + __STACKSIZE_UND__), .), 0x8)
                0x00000000400011e0                __stack_und_end__ = (__stack_und_start__ + SIZEOF (.stack_und))
                0x0000000000000000                __stack_und_size__ = SIZEOF (.stack_und)
                0x00000000400011e0                __stack_und_load_end__ = __stack_und_end__
                0x0000000000000001                . = ASSERT (((__stack_und_start__ == __stack_und_end__) || ((__stack_und_end__ - __SRAM_segment_start__) <= __SRAM_segment_size__)), error: .stack_und is too large to fit in SRAM memory segment)
                0x00000000400011e0                __tbss_load_start__ = ALIGN (__stack_und_end__, 0x4)

.tbss           0x00000000400011e0        0x0
                0x00000000400011e0                __tbss_start__ = .
 *(.tbss .tbss.*)
                0x00000000400011e0                __tbss_end__ = (__tbss_start__ + SIZEOF (.tbss))
                0x0000000000000000                __tbss_size__ = SIZEOF (.tbss)
                0x00000000400011e0                __tbss_load_end__ = __tbss_end__
                0x0000000000000001                . = ASSERT (((__tbss_start__ == __tbss_end__) || ((__tbss_end__ - __SRAM_segment_start__) <= __SRAM_segment_size__)), error: .tbss is too large to fit in SRAM memory segment)
                0x00000000000248dc                __tdata_load_start__ = ALIGN ((__data_load_start__ + SIZEOF (.data)), 0x4)

.tdata          0x00000000400011e0        0x0 load address 0x00000000000248dc
                0x00000000400011e0                __tdata_start__ = .
 *(.tdata .tdata.*)
                0x00000000400011e0                __tdata_end__ = (__tdata_start__ + SIZEOF (.tdata))
                0x0000000000000000                __tdata_size__ = SIZEOF (.tdata)
                0x00000000000248dc                __tdata_load_end__ = (__tdata_load_start__ + SIZEOF (.tdata))
                0x00000000000248dc                __FLASH_segment_used_end__ = (ALIGN ((__data_load_start__ + SIZEOF (.data)), 0x4) + SIZEOF (.tdata))
                0x00000000000048dc                __FLASH_segment_used_size__ = (__FLASH_segment_used_end__ - __FLASH_segment_start__)
                0x0000000000000001                . = ASSERT (((__tdata_load_start__ == __tdata_load_end__) || ((__tdata_load_end__ - __FLASH_segment_start__) <= __FLASH_segment_size__)), error: .tdata is too large to fit in FLASH memory segment)

.tdata_run      0x00000000400011e0        0x0
                0x00000000400011e0                __tdata_run_start__ = .
                0x00000000400011e0                . = MAX ((__tdata_run_start__ + SIZEOF (.tdata)), .)
                0x00000000400011e0                __tdata_run_end__ = (__tdata_run_start__ + SIZEOF (.tdata_run))
                0x0000000000000000                __tdata_run_size__ = SIZEOF (.tdata_run)
                0x00000000400011e0                __tdata_run_load_end__ = __tdata_run_end__
                0x0000000000000001                . = ASSERT (((__tdata_run_start__ == __tdata_run_end__) || ((__tdata_run_end__ - __SRAM_segment_start__) <= __SRAM_segment_size__)), error: .tdata_run is too large to fit in SRAM memory segment)
                0x0000000040004000                __mmu_load_start__ = ALIGN (__tdata_run_end__, 0x4000)

.mmu            0x0000000040004000        0x0
                0x0000000040004000                __mmu_start__ = .
 *(.mmu .mmu.*)
                0x0000000040004000                __mmu_end__ = (__mmu_start__ + SIZEOF (.mmu))
                0x0000000000000000                __mmu_size__ = SIZEOF (.mmu)
                0x0000000040004000                __mmu_load_end__ = __mmu_end__
                0x0000000040004000                __SRAM_segment_used_end__ = (ALIGN (__tdata_run_end__, 0x4000) + SIZEOF (.mmu))
                0x0000000000004000                __SRAM_segment_used_size__ = (__SRAM_segment_used_end__ - __SRAM_segment_start__)
                0x0000000000000001                . = ASSERT (((__mmu_start__ == __mmu_end__) || ((__mmu_end__ - __SRAM_segment_start__) <= __SRAM_segment_size__)), error: .mmu is too large to fit in SRAM memory segment)
START GROUP
LOAD lpc2378app ARM Flash Debug/crt0.o
LOAD lpc2378app ARM Flash Debug/main_ctl.o
LOAD lpc2378app ARM Flash Debug/Arduino.o
LOAD lpc2378app ARM Flash Debug/HardwareSerial.o
LOAD lpc2378app ARM Flash Debug/HardwareSerial0.o
LOAD lpc2378app ARM Flash Debug/HardwareSerial1.o
LOAD lpc2378app ARM Flash Debug/HardwareSerial2.o
LOAD lpc2378app ARM Flash Debug/HardwareSerial3.o
LOAD lpc2378app ARM Flash Debug/wiring_digital.o
LOAD lpc2378app ARM Flash Debug/wiring.o
LOAD lpc2378app ARM Flash Debug/WMath.o
LOAD lpc2378app ARM Flash Debug/Print.o
LOAD lpc2378app ARM Flash Debug/WString.o
LOAD lpc2378app ARM Flash Debug/wiring_string.o
LOAD lpc2378app ARM Flash Debug/Stream.o
LOAD lpc2378app ARM Flash Debug/WCharacter.o
LOAD lpc2378app ARM Flash Debug/IPAddress.o
LOAD lpc2378app ARM Flash Debug/wiring_analog.o
LOAD lpc2378app ARM Flash Debug/SPI.o
LOAD lpc2378app ARM Flash Debug/EONLog.o
LOAD lpc2378app ARM Flash Debug/ArduinoLog.o
LOAD lpc2378app ARM Flash Debug/diagnostics.o
LOAD lpc2378app ARM Flash Debug/SPIFlash.o
LOAD lpc2378app ARM Flash Debug/SPIFlashIO.o
LOAD lpc2378app ARM Flash Debug/SPIFlashSFDP.o
LOAD lpc2378app ARM Flash Debug/SPIFram.o
LOAD lpc2378app ARM Flash Debug/SPIFramIO.o
LOAD lpc2378app ARM Flash Debug/SPIMemory.o
LOAD lpc2378app ARM Flash Debug/Philips_LPC230X_Startup.o
LOAD lpc2378app ARM Flash Debug/LPC230x.o
LOAD lpc2378app ARM Flash Debug/VIC_PL192.o
LOAD lpc2378app ARM Flash Debug/VIC_PL192_irq_handler.o
LOAD /Users/frank/Library/Rowley Associates Limited/CrossWorks for ARM/v4/packages/libraries/libctl/lib/libctl_v4t_a_le_eabi.a
LOAD /Users/frank/Library/Rowley Associates Limited/CrossWorks for ARM/v4/packages/lib/liblpc2000_v4t_a_le_eabi.a
LOAD /Applications/CrossWorks for ARM 4.5/lib/libarm_v4t_a_le_eabi.a
LOAD /Applications/CrossWorks for ARM 4.5/lib/libdebugio_dcc_v4t_a_le_eabi.a
LOAD /Applications/CrossWorks for ARM 4.5/lib/libm_v4t_a_le_eabi.a
LOAD /Applications/CrossWorks for ARM 4.5/lib/libc_v4t_a_le_eabi.a
LOAD /Applications/CrossWorks for ARM 4.5/lib/libcpp_v4t_a_le_eabi.a
LOAD /Applications/CrossWorks for ARM 4.5/lib/libdebugio_v4t_a_le_eabi.a
LOAD /Applications/CrossWorks for ARM 4.5/lib/libvfprintf_v4t_a_le_eabi.o
LOAD /Applications/CrossWorks for ARM 4.5/lib/libvfscanf_v4t_a_le_eabi.o
END GROUP
OUTPUT(lpc2378app ARM Flash Debug/lpc2378app.elf elf32-littlearm)

.ARM.attributes
                0x0000000000000000       0x2e
 .ARM.attributes
                0x0000000000000000       0x22 lpc2378app ARM Flash Debug/crt0.o
 .ARM.attributes
                0x0000000000000022       0x32 lpc2378app ARM Flash Debug/main_ctl.o
 .ARM.attributes
                0x0000000000000054       0x32 lpc2378app ARM Flash Debug/Arduino.o
 .ARM.attributes
                0x0000000000000086       0x32 lpc2378app ARM Flash Debug/HardwareSerial.o
 .ARM.attributes
                0x00000000000000b8       0x32 lpc2378app ARM Flash Debug/HardwareSerial0.o
 .ARM.attributes
                0x00000000000000ea       0x32 lpc2378app ARM Flash Debug/HardwareSerial1.o
 .ARM.attributes
                0x000000000000011c       0x32 lpc2378app ARM Flash Debug/HardwareSerial2.o
 .ARM.attributes
                0x000000000000014e       0x32 lpc2378app ARM Flash Debug/HardwareSerial3.o
 .ARM.attributes
                0x0000000000000180       0x32 lpc2378app ARM Flash Debug/wiring_digital.o
 .ARM.attributes
                0x00000000000001b2       0x32 lpc2378app ARM Flash Debug/wiring.o
 .ARM.attributes
                0x00000000000001e4       0x32 lpc2378app ARM Flash Debug/Print.o
 .ARM.attributes
                0x0000000000000216       0x32 lpc2378app ARM Flash Debug/WString.o
 .ARM.attributes
                0x0000000000000248       0x32 lpc2378app ARM Flash Debug/IPAddress.o
 .ARM.attributes
                0x000000000000027a       0x32 lpc2378app ARM Flash Debug/EONLog.o
 .ARM.attributes
                0x00000000000002ac       0x32 lpc2378app ARM Flash Debug/ArduinoLog.o
 .ARM.attributes
                0x00000000000002de       0x32 lpc2378app ARM Flash Debug/diagnostics.o
 .ARM.attributes
                0x0000000000000310       0x32 lpc2378app ARM Flash Debug/SPIMemory.o
 .ARM.attributes
                0x0000000000000342       0x22 lpc2378app ARM Flash Debug/Philips_LPC230X_Startup.o
 .ARM.attributes
                0x0000000000000364       0x32 lpc2378app ARM Flash Debug/LPC230x.o
 .ARM.attributes
                0x0000000000000396       0x32 lpc2378app ARM Flash Debug/VIC_PL192.o
 .ARM.attributes
                0x00000000000003c8       0x22 lpc2378app ARM Flash Debug/VIC_PL192_irq_handler.o
 .ARM.attributes
                0x00000000000003ea       0x2a /Users/frank/Library/Rowley Associates Limited/CrossWorks for ARM/v4/packages/libraries/libctl/lib/libctl_v4t_a_le_eabi.a(ctl_unity.o)
 .ARM.attributes
                0x0000000000000414       0x1a /Users/frank/Library/Rowley Associates Limited/CrossWorks for ARM/v4/packages/libraries/libctl/lib/libctl_v4t_a_le_eabi.a(ctl_arm.o)
 .ARM.attributes
                0x000000000000042e       0x1a /Users/frank/Library/Rowley Associates Limited/CrossWorks for ARM/v4/packages/libraries/libctl/lib/libctl_v4t_a_le_eabi.a(ctl_arm_int.o)
 .ARM.attributes
                0x0000000000000448       0x2a /Users/frank/Library/Rowley Associates Limited/CrossWorks for ARM/v4/packages/lib/liblpc2000_v4t_a_le_eabi.a(liblpc2000_lpc23xx_get_cclk.o)
 .ARM.attributes
                0x0000000000000472       0x1a /Applications/CrossWorks for ARM 4.5/lib/libc_v4t_a_le_eabi.a(libc_asm.o)
 .ARM.attributes
                0x000000000000048c       0x2a /Applications/CrossWorks for ARM 4.5/lib/libc_v4t_a_le_eabi.a(libc2.o)
 .ARM.attributes
                0x00000000000004b6       0x1a /Applications/CrossWorks for ARM 4.5/lib/libc_v4t_a_le_eabi.a(libc2_asm.o)

.comment        0x0000000000000000       0xd4
 .comment       0x0000000000000000       0x43 lpc2378app ARM Flash Debug/main_ctl.o
                                         0x44 (size before relaxing)
 .comment       0x0000000000000043       0x44 lpc2378app ARM Flash Debug/Arduino.o
 .comment       0x0000000000000043       0x44 lpc2378app ARM Flash Debug/HardwareSerial.o
 .comment       0x0000000000000043       0x44 lpc2378app ARM Flash Debug/HardwareSerial0.o
 .comment       0x0000000000000043       0x44 lpc2378app ARM Flash Debug/HardwareSerial1.o
 .comment       0x0000000000000043       0x44 lpc2378app ARM Flash Debug/HardwareSerial2.o
 .comment       0x0000000000000043       0x44 lpc2378app ARM Flash Debug/HardwareSerial3.o
 .comment       0x0000000000000043       0x44 lpc2378app ARM Flash Debug/wiring_digital.o
 .comment       0x0000000000000043       0x44 lpc2378app ARM Flash Debug/wiring.o
 .comment       0x0000000000000043       0x44 lpc2378app ARM Flash Debug/Print.o
 .comment       0x0000000000000043       0x44 lpc2378app ARM Flash Debug/WString.o
 .comment       0x0000000000000043       0x44 lpc2378app ARM Flash Debug/IPAddress.o
 .comment       0x0000000000000043       0x44 lpc2378app ARM Flash Debug/EONLog.o
 .comment       0x0000000000000043       0x44 lpc2378app ARM Flash Debug/ArduinoLog.o
 .comment       0x0000000000000043       0x44 lpc2378app ARM Flash Debug/diagnostics.o
 .comment       0x0000000000000043       0x44 lpc2378app ARM Flash Debug/SPIMemory.o
 .comment       0x0000000000000043       0x44 lpc2378app ARM Flash Debug/LPC230x.o
 .comment       0x0000000000000043       0x44 lpc2378app ARM Flash Debug/VIC_PL192.o
 .comment       0x0000000000000043       0x43 /Users/frank/Library/Rowley Associates Limited/CrossWorks for ARM/v4/packages/libraries/libctl/lib/libctl_v4t_a_le_eabi.a(ctl_unity.o)
                                         0x44 (size before relaxing)
 .comment       0x0000000000000086       0x4e /Users/frank/Library/Rowley Associates Limited/CrossWorks for ARM/v4/packages/lib/liblpc2000_v4t_a_le_eabi.a(liblpc2000_lpc23xx_get_cclk.o)
                                         0x4f (size before relaxing)
 .comment       0x00000000000000d4       0x44 /Applications/CrossWorks for ARM 4.5/lib/libc_v4t_a_le_eabi.a(libc2.o)

.debug_line     0x0000000000000000     0x56cd
 .debug_line    0x0000000000000000       0xfa lpc2378app ARM Flash Debug/crt0.o
 .debug_line    0x00000000000000fa      0x32c lpc2378app ARM Flash Debug/main_ctl.o
 .debug_line    0x0000000000000426      0x166 lpc2378app ARM Flash Debug/Arduino.o
 .debug_line    0x000000000000058c      0x9f2 lpc2378app ARM Flash Debug/HardwareSerial.o
 .debug_line    0x0000000000000f7e      0x3d3 lpc2378app ARM Flash Debug/HardwareSerial0.o
 .debug_line    0x0000000000001351      0x3d3 lpc2378app ARM Flash Debug/HardwareSerial1.o
 .debug_line    0x0000000000001724      0x3d3 lpc2378app ARM Flash Debug/HardwareSerial2.o
 .debug_line    0x0000000000001af7      0x3d3 lpc2378app ARM Flash Debug/HardwareSerial3.o
 .debug_line    0x0000000000001eca      0x672 lpc2378app ARM Flash Debug/wiring_digital.o
 .debug_line    0x000000000000253c      0x1e0 lpc2378app ARM Flash Debug/wiring.o
 .debug_line    0x000000000000271c      0x6d4 lpc2378app ARM Flash Debug/Print.o
 .debug_line    0x0000000000002df0     0x11fb lpc2378app ARM Flash Debug/WString.o
 .debug_line    0x0000000000003feb      0x37d lpc2378app ARM Flash Debug/IPAddress.o
 .debug_line    0x0000000000004368      0x356 lpc2378app ARM Flash Debug/EONLog.o
 .debug_line    0x00000000000046be      0x461 lpc2378app ARM Flash Debug/ArduinoLog.o
 .debug_line    0x0000000000004b1f      0x312 lpc2378app ARM Flash Debug/diagnostics.o
 .debug_line    0x0000000000004e31      0x20b lpc2378app ARM Flash Debug/SPIMemory.o
 .debug_line    0x000000000000503c      0x119 lpc2378app ARM Flash Debug/Philips_LPC230X_Startup.o
 .debug_line    0x0000000000005155      0x246 lpc2378app ARM Flash Debug/LPC230x.o
 .debug_line    0x000000000000539b      0x1cc lpc2378app ARM Flash Debug/VIC_PL192.o
 .debug_line    0x0000000000005567       0xc6 lpc2378app ARM Flash Debug/VIC_PL192_irq_handler.o
 .debug_line    0x000000000000562d       0xa0 /Users/frank/Library/Rowley Associates Limited/CrossWorks for ARM/v4/packages/lib/liblpc2000_v4t_a_le_eabi.a(liblpc2000_lpc23xx_get_cclk.o)

.debug_info     0x0000000000000000    0x1e435
 .debug_info    0x0000000000000000       0x26 lpc2378app ARM Flash Debug/crt0.o
 .debug_info    0x0000000000000026     0x21a8 lpc2378app ARM Flash Debug/main_ctl.o
 .debug_info    0x00000000000021ce      0x848 lpc2378app ARM Flash Debug/Arduino.o
 .debug_info    0x0000000000002a16     0x3414 lpc2378app ARM Flash Debug/HardwareSerial.o
 .debug_info    0x0000000000005e2a     0x297d lpc2378app ARM Flash Debug/HardwareSerial0.o
 .debug_info    0x00000000000087a7     0x297d lpc2378app ARM Flash Debug/HardwareSerial1.o
 .debug_info    0x000000000000b124     0x297d lpc2378app ARM Flash Debug/HardwareSerial2.o
 .debug_info    0x000000000000daa1     0x297d lpc2378app ARM Flash Debug/HardwareSerial3.o
 .debug_info    0x000000000001041e      0xa88 lpc2378app ARM Flash Debug/wiring_digital.o
 .debug_info    0x0000000000010ea6      0xd38 lpc2378app ARM Flash Debug/wiring.o
 .debug_info    0x0000000000011bde     0x2714 lpc2378app ARM Flash Debug/Print.o
 .debug_info    0x00000000000142f2     0x305f lpc2378app ARM Flash Debug/WString.o
 .debug_info    0x0000000000017351     0x2198 lpc2378app ARM Flash Debug/IPAddress.o
 .debug_info    0x00000000000194e9      0xe27 lpc2378app ARM Flash Debug/EONLog.o
 .debug_info    0x000000000001a310      0xf2a lpc2378app ARM Flash Debug/ArduinoLog.o
 .debug_info    0x000000000001b23a     0x1355 lpc2378app ARM Flash Debug/diagnostics.o
 .debug_info    0x000000000001c58f     0x12b2 lpc2378app ARM Flash Debug/SPIMemory.o
 .debug_info    0x000000000001d841       0x22 lpc2378app ARM Flash Debug/Philips_LPC230X_Startup.o
 .debug_info    0x000000000001d863      0x89a lpc2378app ARM Flash Debug/LPC230x.o
 .debug_info    0x000000000001e0fd      0x2db lpc2378app ARM Flash Debug/VIC_PL192.o
 .debug_info    0x000000000001e3d8       0x26 lpc2378app ARM Flash Debug/VIC_PL192_irq_handler.o
 .debug_info    0x000000000001e3fe       0x37 /Users/frank/Library/Rowley Associates Limited/CrossWorks for ARM/v4/packages/lib/liblpc2000_v4t_a_le_eabi.a(liblpc2000_lpc23xx_get_cclk.o)

.debug_abbrev   0x0000000000000000     0x3dbb
 .debug_abbrev  0x0000000000000000       0x14 lpc2378app ARM Flash Debug/crt0.o
 .debug_abbrev  0x0000000000000014      0x407 lpc2378app ARM Flash Debug/main_ctl.o
 .debug_abbrev  0x000000000000041b      0x181 lpc2378app ARM Flash Debug/Arduino.o
 .debug_abbrev  0x000000000000059c      0x4da lpc2378app ARM Flash Debug/HardwareSerial.o
 .debug_abbrev  0x0000000000000a76      0x47a lpc2378app ARM Flash Debug/HardwareSerial0.o
 .debug_abbrev  0x0000000000000ef0      0x47a lpc2378app ARM Flash Debug/HardwareSerial1.o
 .debug_abbrev  0x000000000000136a      0x47a lpc2378app ARM Flash Debug/HardwareSerial2.o
 .debug_abbrev  0x00000000000017e4      0x47a lpc2378app ARM Flash Debug/HardwareSerial3.o
 .debug_abbrev  0x0000000000001c5e      0x1e8 lpc2378app ARM Flash Debug/wiring_digital.o
 .debug_abbrev  0x0000000000001e46      0x1e7 lpc2378app ARM Flash Debug/wiring.o
 .debug_abbrev  0x000000000000202d      0x3fd lpc2378app ARM Flash Debug/Print.o
 .debug_abbrev  0x000000000000242a      0x427 lpc2378app ARM Flash Debug/WString.o
 .debug_abbrev  0x0000000000002851      0x474 lpc2378app ARM Flash Debug/IPAddress.o
 .debug_abbrev  0x0000000000002cc5      0x355 lpc2378app ARM Flash Debug/EONLog.o
 .debug_abbrev  0x000000000000301a      0x343 lpc2378app ARM Flash Debug/ArduinoLog.o
 .debug_abbrev  0x000000000000335d      0x3af lpc2378app ARM Flash Debug/diagnostics.o
 .debug_abbrev  0x000000000000370c      0x372 lpc2378app ARM Flash Debug/SPIMemory.o
 .debug_abbrev  0x0000000000003a7e       0x12 lpc2378app ARM Flash Debug/Philips_LPC230X_Startup.o
 .debug_abbrev  0x0000000000003a90      0x1f4 lpc2378app ARM Flash Debug/LPC230x.o
 .debug_abbrev  0x0000000000003c84       0xfb lpc2378app ARM Flash Debug/VIC_PL192.o
 .debug_abbrev  0x0000000000003d7f       0x14 lpc2378app ARM Flash Debug/VIC_PL192_irq_handler.o
 .debug_abbrev  0x0000000000003d93       0x28 /Users/frank/Library/Rowley Associates Limited/CrossWorks for ARM/v4/packages/lib/liblpc2000_v4t_a_le_eabi.a(liblpc2000_lpc23xx_get_cclk.o)

.debug_aranges  0x0000000000000000      0xa30
 .debug_aranges
                0x0000000000000000       0x20 lpc2378app ARM Flash Debug/crt0.o
 .debug_aranges
                0x0000000000000020       0x68 lpc2378app ARM Flash Debug/main_ctl.o
 .debug_aranges
                0x0000000000000088       0x28 lpc2378app ARM Flash Debug/Arduino.o
 .debug_aranges
                0x00000000000000b0       0xc8 lpc2378app ARM Flash Debug/HardwareSerial.o
 .debug_aranges
                0x0000000000000178       0x68 lpc2378app ARM Flash Debug/HardwareSerial0.o
 .debug_aranges
                0x00000000000001e0       0x68 lpc2378app ARM Flash Debug/HardwareSerial1.o
 .debug_aranges
                0x0000000000000248       0x68 lpc2378app ARM Flash Debug/HardwareSerial2.o
 .debug_aranges
                0x00000000000002b0       0x68 lpc2378app ARM Flash Debug/HardwareSerial3.o
 .debug_aranges
                0x0000000000000318       0x48 lpc2378app ARM Flash Debug/wiring_digital.o
 .debug_aranges
                0x0000000000000360       0x30 lpc2378app ARM Flash Debug/wiring.o
 .debug_aranges
                0x0000000000000390      0x128 lpc2378app ARM Flash Debug/Print.o
 .debug_aranges
                0x00000000000004b8      0x2c8 lpc2378app ARM Flash Debug/WString.o
 .debug_aranges
                0x0000000000000780       0x78 lpc2378app ARM Flash Debug/IPAddress.o
 .debug_aranges
                0x00000000000007f8       0x58 lpc2378app ARM Flash Debug/EONLog.o
 .debug_aranges
                0x0000000000000850       0x80 lpc2378app ARM Flash Debug/ArduinoLog.o
 .debug_aranges
                0x00000000000008d0       0x50 lpc2378app ARM Flash Debug/diagnostics.o
 .debug_aranges
                0x0000000000000920       0x38 lpc2378app ARM Flash Debug/SPIMemory.o
 .debug_aranges
                0x0000000000000958       0x28 lpc2378app ARM Flash Debug/Philips_LPC230X_Startup.o
 .debug_aranges
                0x0000000000000980       0x40 lpc2378app ARM Flash Debug/LPC230x.o
 .debug_aranges
                0x00000000000009c0       0x30 lpc2378app ARM Flash Debug/VIC_PL192.o
 .debug_aranges
                0x00000000000009f0       0x20 lpc2378app ARM Flash Debug/VIC_PL192_irq_handler.o
 .debug_aranges
                0x0000000000000a10       0x20 /Users/frank/Library/Rowley Associates Limited/CrossWorks for ARM/v4/packages/lib/liblpc2000_v4t_a_le_eabi.a(liblpc2000_lpc23xx_get_cclk.o)

.debug_str      0x0000000000000000     0x47c3
 .debug_str     0x0000000000000000       0x81 lpc2378app ARM Flash Debug/crt0.o
 .debug_str     0x0000000000000081     0x1a72 lpc2378app ARM Flash Debug/main_ctl.o
                                       0x1cc4 (size before relaxing)
 .debug_str     0x0000000000001af3      0x1c1 lpc2378app ARM Flash Debug/Arduino.o
                                        0x906 (size before relaxing)
 .debug_str     0x0000000000001cb4      0xdd8 lpc2378app ARM Flash Debug/HardwareSerial.o
                                       0x27cc (size before relaxing)
 .debug_str     0x0000000000002a8c      0x17e lpc2378app ARM Flash Debug/HardwareSerial0.o
                                       0x2138 (size before relaxing)
 .debug_str     0x0000000000002c0a       0x95 lpc2378app ARM Flash Debug/HardwareSerial1.o
                                       0x2139 (size before relaxing)
 .debug_str     0x0000000000002c9f       0x95 lpc2378app ARM Flash Debug/HardwareSerial2.o
                                       0x2139 (size before relaxing)
 .debug_str     0x0000000000002d34       0x95 lpc2378app ARM Flash Debug/HardwareSerial3.o
                                       0x2139 (size before relaxing)
 .debug_str     0x0000000000002dc9      0x152 lpc2378app ARM Flash Debug/wiring_digital.o
                                        0x9a8 (size before relaxing)
 .debug_str     0x0000000000002f1b       0x5d lpc2378app ARM Flash Debug/wiring.o
                                        0xc15 (size before relaxing)
 .debug_str     0x0000000000002f78      0x3e2 lpc2378app ARM Flash Debug/Print.o
                                       0x1964 (size before relaxing)
 .debug_str     0x000000000000335a      0x33b lpc2378app ARM Flash Debug/WString.o
                                       0x15b4 (size before relaxing)
 .debug_str     0x0000000000003695      0x3a6 lpc2378app ARM Flash Debug/IPAddress.o
                                       0x1b0d (size before relaxing)
 .debug_str     0x0000000000003a3b      0x29e lpc2378app ARM Flash Debug/EONLog.o
                                        0xec0 (size before relaxing)
 .debug_str     0x0000000000003cd9      0x24b lpc2378app ARM Flash Debug/ArduinoLog.o
                                        0xe74 (size before relaxing)
 .debug_str     0x0000000000003f24      0x4c6 lpc2378app ARM Flash Debug/diagnostics.o
                                       0x12fc (size before relaxing)
 .debug_str     0x00000000000043ea       0x81 lpc2378app ARM Flash Debug/SPIMemory.o
                                       0x12a3 (size before relaxing)
 .debug_str     0x000000000000446b       0x80 lpc2378app ARM Flash Debug/Philips_LPC230X_Startup.o
                                         0xc4 (size before relaxing)
 .debug_str     0x00000000000044eb       0xd2 lpc2378app ARM Flash Debug/LPC230x.o
                                        0xa80 (size before relaxing)
 .debug_str     0x00000000000045bd       0xa9 lpc2378app ARM Flash Debug/VIC_PL192.o
                                        0x495 (size before relaxing)
 .debug_str     0x0000000000004666       0x78 lpc2378app ARM Flash Debug/VIC_PL192_irq_handler.o
                                         0xbc (size before relaxing)
 .debug_str     0x00000000000046de       0xe5 /Users/frank/Library/Rowley Associates Limited/CrossWorks for ARM/v4/packages/lib/liblpc2000_v4t_a_le_eabi.a(liblpc2000_lpc23xx_get_cclk.o)

.debug_frame    0x0000000000000000     0x2c94
 .debug_frame   0x0000000000000000      0x184 lpc2378app ARM Flash Debug/main_ctl.o
 .debug_frame   0x0000000000000184       0x60 lpc2378app ARM Flash Debug/Arduino.o
 .debug_frame   0x00000000000001e4      0x3fc lpc2378app ARM Flash Debug/HardwareSerial.o
 .debug_frame   0x00000000000005e0      0x188 lpc2378app ARM Flash Debug/HardwareSerial0.o
 .debug_frame   0x0000000000000768      0x188 lpc2378app ARM Flash Debug/HardwareSerial1.o
 .debug_frame   0x00000000000008f0      0x188 lpc2378app ARM Flash Debug/HardwareSerial2.o
 .debug_frame   0x0000000000000a78      0x188 lpc2378app ARM Flash Debug/HardwareSerial3.o
 .debug_frame   0x0000000000000c00      0x110 lpc2378app ARM Flash Debug/wiring_digital.o
 .debug_frame   0x0000000000000d10       0x84 lpc2378app ARM Flash Debug/wiring.o
 .debug_frame   0x0000000000000d94      0x63c lpc2378app ARM Flash Debug/Print.o
 .debug_frame   0x00000000000013d0      0xfd0 lpc2378app ARM Flash Debug/WString.o
 .debug_frame   0x00000000000023a0      0x214 lpc2378app ARM Flash Debug/IPAddress.o
 .debug_frame   0x00000000000025b4      0x180 lpc2378app ARM Flash Debug/EONLog.o
 .debug_frame   0x0000000000002734      0x208 lpc2378app ARM Flash Debug/ArduinoLog.o
 .debug_frame   0x000000000000293c      0x134 lpc2378app ARM Flash Debug/diagnostics.o
 .debug_frame   0x0000000000002a70       0xa4 lpc2378app ARM Flash Debug/SPIMemory.o
 .debug_frame   0x0000000000002b14       0xc4 lpc2378app ARM Flash Debug/LPC230x.o
 .debug_frame   0x0000000000002bd8       0x70 lpc2378app ARM Flash Debug/VIC_PL192.o
 .debug_frame   0x0000000000002c48       0x20 /Users/frank/Library/Rowley Associates Limited/CrossWorks for ARM/v4/packages/libraries/libctl/lib/libctl_v4t_a_le_eabi.a(ctl_arm.o)
 .debug_frame   0x0000000000002c68       0x2c /Users/frank/Library/Rowley Associates Limited/CrossWorks for ARM/v4/packages/lib/liblpc2000_v4t_a_le_eabi.a(liblpc2000_lpc23xx_get_cclk.o)

.debug_pubnames
                0x0000000000000000     0x23be
 .debug_pubnames
                0x0000000000000000      0x196 lpc2378app ARM Flash Debug/main_ctl.o
 .debug_pubnames
                0x0000000000000196       0x31 lpc2378app ARM Flash Debug/Arduino.o
 .debug_pubnames
                0x00000000000001c7      0x2e5 lpc2378app ARM Flash Debug/HardwareSerial.o
 .debug_pubnames
                0x00000000000004ac      0x154 lpc2378app ARM Flash Debug/HardwareSerial0.o
 .debug_pubnames
                0x0000000000000600      0x156 lpc2378app ARM Flash Debug/HardwareSerial1.o
 .debug_pubnames
                0x0000000000000756      0x156 lpc2378app ARM Flash Debug/HardwareSerial2.o
 .debug_pubnames
                0x00000000000008ac      0x156 lpc2378app ARM Flash Debug/HardwareSerial3.o
 .debug_pubnames
                0x0000000000000a02       0x7e lpc2378app ARM Flash Debug/wiring_digital.o
 .debug_pubnames
                0x0000000000000a80      0x663 lpc2378app ARM Flash Debug/wiring.o
 .debug_pubnames
                0x00000000000010e3      0x2a7 lpc2378app ARM Flash Debug/Print.o
 .debug_pubnames
                0x000000000000138a      0x6ce lpc2378app ARM Flash Debug/WString.o
 .debug_pubnames
                0x0000000000001a58      0x19e lpc2378app ARM Flash Debug/IPAddress.o
 .debug_pubnames
                0x0000000000001bf6      0x141 lpc2378app ARM Flash Debug/EONLog.o
 .debug_pubnames
                0x0000000000001d37      0x19b lpc2378app ARM Flash Debug/ArduinoLog.o
 .debug_pubnames
                0x0000000000001ed2      0x153 lpc2378app ARM Flash Debug/diagnostics.o
 .debug_pubnames
                0x0000000000002025       0xcd lpc2378app ARM Flash Debug/SPIMemory.o
 .debug_pubnames
                0x00000000000020f2      0x286 lpc2378app ARM Flash Debug/LPC230x.o
 .debug_pubnames
                0x0000000000002378       0x46 lpc2378app ARM Flash Debug/VIC_PL192.o

.debug_pubtypes
                0x0000000000000000     0x2828
 .debug_pubtypes
                0x0000000000000000      0x27e lpc2378app ARM Flash Debug/main_ctl.o
 .debug_pubtypes
                0x000000000000027e      0x1ea lpc2378app ARM Flash Debug/Arduino.o
 .debug_pubtypes
                0x0000000000000468      0x2fa lpc2378app ARM Flash Debug/HardwareSerial.o
 .debug_pubtypes
                0x0000000000000762      0x28e lpc2378app ARM Flash Debug/HardwareSerial0.o
 .debug_pubtypes
                0x00000000000009f0      0x28e lpc2378app ARM Flash Debug/HardwareSerial1.o
 .debug_pubtypes
                0x0000000000000c7e      0x28e lpc2378app ARM Flash Debug/HardwareSerial2.o
 .debug_pubtypes
                0x0000000000000f0c      0x28e lpc2378app ARM Flash Debug/HardwareSerial3.o
 .debug_pubtypes
                0x000000000000119a      0x1e4 lpc2378app ARM Flash Debug/wiring_digital.o
 .debug_pubtypes
                0x000000000000137e      0x1c2 lpc2378app ARM Flash Debug/wiring.o
 .debug_pubtypes
                0x0000000000001540      0x253 lpc2378app ARM Flash Debug/Print.o
 .debug_pubtypes
                0x0000000000001793      0x18a lpc2378app ARM Flash Debug/WString.o
 .debug_pubtypes
                0x000000000000191d      0x2a1 lpc2378app ARM Flash Debug/IPAddress.o
 .debug_pubtypes
                0x0000000000001bbe      0x28e lpc2378app ARM Flash Debug/EONLog.o
 .debug_pubtypes
                0x0000000000001e4c      0x284 lpc2378app ARM Flash Debug/ArduinoLog.o
 .debug_pubtypes
                0x00000000000020d0      0x27d lpc2378app ARM Flash Debug/diagnostics.o
 .debug_pubtypes
                0x000000000000234d      0x27d lpc2378app ARM Flash Debug/SPIMemory.o
 .debug_pubtypes
                0x00000000000025ca      0x19a lpc2378app ARM Flash Debug/LPC230x.o
 .debug_pubtypes
                0x0000000000002764       0xc4 lpc2378app ARM Flash Debug/VIC_PL192.o

.debug_ranges   0x0000000000000000      0x8e8
 .debug_ranges  0x0000000000000000       0x58 lpc2378app ARM Flash Debug/main_ctl.o
 .debug_ranges  0x0000000000000058       0x18 lpc2378app ARM Flash Debug/Arduino.o
 .debug_ranges  0x0000000000000070       0xb8 lpc2378app ARM Flash Debug/HardwareSerial.o
 .debug_ranges  0x0000000000000128       0x58 lpc2378app ARM Flash Debug/HardwareSerial0.o
 .debug_ranges  0x0000000000000180       0x58 lpc2378app ARM Flash Debug/HardwareSerial1.o
 .debug_ranges  0x00000000000001d8       0x58 lpc2378app ARM Flash Debug/HardwareSerial2.o
 .debug_ranges  0x0000000000000230       0x58 lpc2378app ARM Flash Debug/HardwareSerial3.o
 .debug_ranges  0x0000000000000288       0x38 lpc2378app ARM Flash Debug/wiring_digital.o
 .debug_ranges  0x00000000000002c0       0x20 lpc2378app ARM Flash Debug/wiring.o
 .debug_ranges  0x00000000000002e0      0x130 lpc2378app ARM Flash Debug/Print.o
 .debug_ranges  0x0000000000000410      0x2d0 lpc2378app ARM Flash Debug/WString.o
 .debug_ranges  0x00000000000006e0       0x68 lpc2378app ARM Flash Debug/IPAddress.o
 .debug_ranges  0x0000000000000748       0x48 lpc2378app ARM Flash Debug/EONLog.o
 .debug_ranges  0x0000000000000790       0x70 lpc2378app ARM Flash Debug/ArduinoLog.o
 .debug_ranges  0x0000000000000800       0x40 lpc2378app ARM Flash Debug/diagnostics.o
 .debug_ranges  0x0000000000000840       0x28 lpc2378app ARM Flash Debug/SPIMemory.o
 .debug_ranges  0x0000000000000868       0x20 lpc2378app ARM Flash Debug/Philips_LPC230X_Startup.o
 .debug_ranges  0x0000000000000888       0x30 lpc2378app ARM Flash Debug/LPC230x.o
 .debug_ranges  0x00000000000008b8       0x20 lpc2378app ARM Flash Debug/VIC_PL192.o
 .debug_ranges  0x00000000000008d8       0x10 /Users/frank/Library/Rowley Associates Limited/CrossWorks for ARM/v4/packages/lib/liblpc2000_v4t_a_le_eabi.a(liblpc2000_lpc23xx_get_cclk.o)

.debug_loc      0x0000000000000000       0x20
 .debug_loc     0x0000000000000000       0x20 /Users/frank/Library/Rowley Associates Limited/CrossWorks for ARM/v4/packages/lib/liblpc2000_v4t_a_le_eabi.a(liblpc2000_lpc23xx_get_cclk.o)
